Microchip MPLAB XC8 Compiler V3.10

Linker command line:

-W-3 \
  --edf=C:\Program Files\Microchip\xc8\v3.10\pic\dat\20250813170317_en.msgs \
  -cn -h+.ca/dist/defaultActiveCA/production\main.production.sym \
  --cmf=.ca/dist/defaultActiveCA/production\main.production.cmf -z \
  -Q18F4550 -oC:\Users\Carlos\AppData\Local\Temp\xcAs6j0.0\driver_tmp_3.o \
  --defsym=__MPLAB_BUILD=1 --fixupoverflow=error \
  -M.ca/dist/defaultActiveCA/production/main.production.map \
  --md=C:\Users\Carlos\AppData\Local\Temp\xcAs6j0.0\driver_tmp_0.dat -E1 \
  -ver=XC8 Compiler -ACODE=00h-07FFFh -ACONST=00h-07FFFh \
  -ASMALLCONST=0800h-08FFhx120 -AMEDIUMCONST=0800h-07FFFh -ACOMRAM=01h-05Fh \
  -AABS1=00h-07FFh -ABIGRAM=01h-07FFh -ARAM=060h-0FFh,0100h-01FFhx7 \
  -ABANK0=060h-0FFh -ABANK1=0100h-01FFh -ABANK2=0200h-02FFh \
  -ABANK3=0300h-03FFh -ABANK4=0400h-04FFh -ABANK5=0500h-05FFh \
  -ABANK6=0600h-06FFh -ABANK7=0700h-07FFh -ASFR=0F60h-0FFFh \
  -ABIGSFR=0F60h-0FFFh -ACONFIG=0300000h-030000Dh -AIDLOC=0200000h-0200007h \
  -AEEDATA=0F00000h-0F000FFh -peeprom_data=EEDATA \
  -preset_vec=00h,intcode=8h,intcodelo=18h,sivt_lo,sivt_hi=CODE \
  -ppowerup=CODE,init -pramtop=0800h -psmallconst=SMALLCONST \
  -pmediumconst=MEDIUMCONST -pconst=CONST -AFARRAM=00h-00h \
  -prdata=COMRAM,nvrram=COMRAM,nvbit=COMRAM,rbss=COMRAM,rbit=COMRAM \
  -pfarbss=FARRAM,fardata=FARRAM,nvFARRAM=FARRAM \
  -pintsave_regs=BIGRAM,bigbss=BIGRAM,bigdata=BIGRAM -pbss=RAM \
  -pidata=CODE,irdata=CODE,ibigdata=CODE,ifardata=CODE -prparam=COMRAM \
  C:\Users\Carlos\AppData\Local\Temp\xcAs6j0.0\driver_tmp_9.o \
  .ca/dist/defaultActiveCA/production\main.production.o 

Object code version is 3.11

Machine type is 18F4550



                Name                               Link     Load   Length Selector   Space Scale
C:\Users\Carlos\AppData\Local\Temp\xcAs6j0.0\driver_tmp_9.o
                config                           300000   300000        E        0       4
                init                                  E        E        4        4       0
                reset_vec                             0        0        4        0       0
.ca/dist/defaultActiveCA/production\main.production.o
                intcode                               8        8        6        4       0
                config                           300000   300000        E        0       4
                smallconst                          800      800       F4      400       0
                intcode_body                       3488     3488       D2      47A       0
                text136                            4EFA     4EFA       2C      47A       0
                text135                            5274     5274        E      47A       0
                text134                            4CEA     4CEA       3E      47A       0
                text133                            4A18     4A18       4E      47A       0
                text132                            4C64     4C64       44      47A       0
                text131                            40AC     40AC       7A      47A       0
                text130                            5312     5312        6      47A       0
                text129                            5324     5324        4      47A       0
                text128                            3B52     3B52       A6      47A       0
                text127                            4AB2     4AB2       4C      47A       0
                text126                            4F9E     4F9E       26      47A       0
                text125                            39E6     39E6       BE      47A       0
                text124                            49CA     49CA       4E      47A       0
                text123                            3620     3620       C4      47A       0
                text122                            4744     4744       54      47A       0
                text121                            28C6     28C6      180      47A       0
                text120                            3DA6     3DA6       86      47A       0
                text119                            3EB0     3EB0       84      47A       0
                text118                            4E6E     4E6E       30      47A       0
                text117                            42FC     42FC       72      47A       0
                text116                            44B2     44B2       64      47A       0
                text115                            36E4     36E4       C2      47A       0
                text114                            3D20     3D20       86      47A       0
                text113                            1EE6     1EE6      27C      47A       0
                text112                            4ECC     4ECC       2E      47A       0
                text111                            509A     509A       20      47A       0
                text110                            5320     5320        4      47A       0
                text109                            47EA     47EA       52      47A       0
                text108                            532A     532A        2      47A       0
                text107                            492C     492C       50      47A       0
                text106                            48DC     48DC       50      47A       0
                text105                            4F26     4F26       2A      47A       0
                text104                            530C     530C        6      47A       0
                text103                            5306     5306        6      47A       0
                text102                            2566     2566      1BC      47A       0
                text101                            4032     4032       7A      47A       0
                text100                            4E9E     4E9E       2E      47A       0
                text99                             5300     5300        6      47A       0
                text98                             5054     5054       24      47A       0
                text97                             5030     5030       24      47A       0
                text96                             500C     500C       24      47A       0
                text95                             4FE8     4FE8       24      47A       0
                text94                             3F34     3F34       82      47A       0
                text93                             488C     488C       50      47A       0
                text92                             1BDC     1BDC      30A      47A       0
                text91                             5328     5328        2      47A       0
                text90                             3926     3926       C0      47A       0
                text89                             3AA4     3AA4       AE      47A       0
                text88                             3098     3098      108      47A       0
                text87                             2E56     2E56      12A      47A       0
                text86                             483C     483C       50      47A       0
                text85                             3866     3866       C0      47A       0
                text84                             3C8E     3C8E       92      47A       0
                text83                             4B48     4B48       4A      47A       0
                text82                             174E     174E      48E      47A       0
                text81                             4CA8     4CA8       42      47A       0
                text80                             52BA     52BA        A      47A       0
                text79                             52D4     52D4        8      47A       0
                text78                             428A     428A       72      47A       0
                text77                             52B0     52B0        A      47A       0
                text76                             4E3C     4E3C       32      47A       0
                text75                             529A     529A        C      47A       0
                text74                             5078     5078       22      47A       0
                text73                             520C     520C       16      47A       0
                text72                             52CC     52CC        8      47A       0
                text71                             514C     514C       1C      47A       0
                text70                             444A     444A       68      47A       0
                text69                             3FB6     3FB6       7C      47A       0
                text68                             2F80     2F80      118      47A       0
                text67                             46EC     46EC       58      47A       0
                text66                             52FA     52FA        6      47A       0
                text65                             4E08     4E08       34      47A       0
                text64                             355A     355A       C6      47A       0
                text63                             3E2C     3E2C       84      47A       0
                text62                             2D24     2D24      132      47A       0
                text61                             50F6     50F6       1E      47A       0
                text60                             4214     4214       76      47A       0
                text59                             2722     2722      1A4      47A       0
                text58                             51B2     51B2       18      47A       0
                text57                             4B92     4B92       48      47A       0
                text56                             4BDA     4BDA       46      47A       0
                text55                             4632     4632       5E      47A       0
                text54                             528E     528E        C      47A       0
                text53                             5266     5266        E      47A       0
                text52                             5236     5236       12      47A       0
                text51                             4126     4126       78      47A       0
                text50                             51F6     51F6       16      47A       0
                text49                             419E     419E       76      47A       0
                text48                             51E0     51E0       16      47A       0
                text47                             31A0     31A0      106      47A       0
                text46                             52C4     52C4        8      47A       0
                text45                             519A     519A       18      47A       0
                text44                             52F4     52F4        6      47A       0
                text43                             4AFE     4AFE       4A      47A       0
                text42                             497C     497C       4E      47A       0
                text41                             4690     4690       5C      47A       0
                text40                             4DD2     4DD2       36      47A       0
                text39                             32A6     32A6       F4      47A       0
                text38                             52EE     52EE        6      47A       0
                text37                             4D64     4D64       38      47A       0
                text36                             4D28     4D28       3C      47A       0
                text35                             4D9C     4D9C       36      47A       0
                text34                             4A66     4A66       4C      47A       0
                text33                             2162     2162      20E      47A       0
                text32                             4F78     4F78       26      47A       0
                text31                             5168     5168       1A      47A       0
                text30                             5282     5282        C      47A       0
                text29                             52E8     52E8        6      47A       0
                text28                             52E2     52E2        6      47A       0
                text27                             4F50     4F50       28      47A       0
                text26                             52DC     52DC        6      47A       0
                text25                             45D4     45D4       5E      47A       0
                text24                             3BF8     3BF8       96      47A       0
                text23                             43DC     43DC       6E      47A       0
                text22                             4798     4798       52      47A       0
                text21                             5182     5182       18      47A       0
                text20                             339A     339A       EE      47A       0
                text19                             2A46     2A46      174      47A       0
                text18                              8F4      8F4      E5A      47A       0
                text17                             52A6     52A6        A      47A       0
                text16                             50D8     50D8       1E      47A       0
                text15                             5248     5248       10      47A       0
                text14                             51CA     51CA       16      47A       0
                text13                             531C     531C        4      47A       0
                text12                             4FC4     4FC4       24      47A       0
                text11                             5318     5318        4      47A       0
                text10                             4516     4516       60      47A       0
                text9                              5222     5222       14      47A       0
                text8                              4576     4576       5E      47A       0
                text7                              5258     5258        E      47A       0
                text6                              5130     5130       1C      47A       0
                text5                              5114     5114       1C      47A       0
                text4                              4C20     4C20       44      47A       0
                text3                              50BA     50BA       1E      47A       0
                text2                              37A6     37A6       C0      47A       0
                text1                              2BBA     2BBA      16A      47A       0
                text0                              2370     2370      1F6      47A       0
                cstackCOMRAM                          2        2       49        2       1
                cstackBANK0                          EA       EA        E       60       1
                cstackBANK1                         1D3      1D3       1C      100       1
                bssBANK3                            300      300       A0      300       1
                bssBANK2                            200      200       C4      200       1
                bssBANK1                            100      100       D3      100       1
                dataBANK0                            F8       F8        1       60       1
                bssBANK0                             60       60       8A       60       1
                dataCOMRAM                           5B       5B        1        2       1
                bssCOMRAM                            4B       4B       10        2       1
                cinit                              436E     436E       6E      47A       0
                idataBANK0                         532D     532D        1      47A       0
                idataCOMRAM                        532C     532C        1      47A       0

TOTAL           Name                               Link     Load   Length     Space
        CLASS   CODE           
                intcode                               8        8        6         0
                init                                  E        E        4         0
                reset_vec                             0        0        4         0
                intcode_body                       3488     3488       D2         0
                text136                            4EFA     4EFA       2C         0
                text135                            5274     5274        E         0
                text134                            4CEA     4CEA       3E         0
                text133                            4A18     4A18       4E         0
                text132                            4C64     4C64       44         0
                text131                            40AC     40AC       7A         0
                text130                            5312     5312        6         0
                text129                            5324     5324        4         0
                text128                            3B52     3B52       A6         0
                text127                            4AB2     4AB2       4C         0
                text126                            4F9E     4F9E       26         0
                text125                            39E6     39E6       BE         0
                text124                            49CA     49CA       4E         0
                text123                            3620     3620       C4         0
                text122                            4744     4744       54         0
                text121                            28C6     28C6      180         0
                text120                            3DA6     3DA6       86         0
                text119                            3EB0     3EB0       84         0
                text118                            4E6E     4E6E       30         0
                text117                            42FC     42FC       72         0
                text116                            44B2     44B2       64         0
                text115                            36E4     36E4       C2         0
                text114                            3D20     3D20       86         0
                text113                            1EE6     1EE6      27C         0
                text112                            4ECC     4ECC       2E         0
                text111                            509A     509A       20         0
                text110                            5320     5320        4         0
                text109                            47EA     47EA       52         0
                text108                            532A     532A        2         0
                text107                            492C     492C       50         0
                text106                            48DC     48DC       50         0
                text105                            4F26     4F26       2A         0
                text104                            530C     530C        6         0
                text103                            5306     5306        6         0
                text102                            2566     2566      1BC         0
                text101                            4032     4032       7A         0
                text100                            4E9E     4E9E       2E         0
                text99                             5300     5300        6         0
                text98                             5054     5054       24         0
                text97                             5030     5030       24         0
                text96                             500C     500C       24         0
                text95                             4FE8     4FE8       24         0
                text94                             3F34     3F34       82         0
                text93                             488C     488C       50         0
                text92                             1BDC     1BDC      30A         0
                text91                             5328     5328        2         0
                text90                             3926     3926       C0         0
                text89                             3AA4     3AA4       AE         0
                text88                             3098     3098      108         0
                text87                             2E56     2E56      12A         0
                text86                             483C     483C       50         0
                text85                             3866     3866       C0         0
                text84                             3C8E     3C8E       92         0
                text83                             4B48     4B48       4A         0
                text82                             174E     174E      48E         0
                text81                             4CA8     4CA8       42         0
                text80                             52BA     52BA        A         0
                text79                             52D4     52D4        8         0
                text78                             428A     428A       72         0
                text77                             52B0     52B0        A         0
                text76                             4E3C     4E3C       32         0
                text75                             529A     529A        C         0
                text74                             5078     5078       22         0
                text73                             520C     520C       16         0
                text72                             52CC     52CC        8         0
                text71                             514C     514C       1C         0
                text70                             444A     444A       68         0
                text69                             3FB6     3FB6       7C         0
                text68                             2F80     2F80      118         0
                text67                             46EC     46EC       58         0
                text66                             52FA     52FA        6         0
                text65                             4E08     4E08       34         0
                text64                             355A     355A       C6         0
                text63                             3E2C     3E2C       84         0
                text62                             2D24     2D24      132         0
                text61                             50F6     50F6       1E         0
                text60                             4214     4214       76         0
                text59                             2722     2722      1A4         0
                text58                             51B2     51B2       18         0
                text57                             4B92     4B92       48         0
                text56                             4BDA     4BDA       46         0
                text55                             4632     4632       5E         0
                text54                             528E     528E        C         0
                text53                             5266     5266        E         0
                text52                             5236     5236       12         0
                text51                             4126     4126       78         0
                text50                             51F6     51F6       16         0
                text49                             419E     419E       76         0
                text48                             51E0     51E0       16         0
                text47                             31A0     31A0      106         0
                text46                             52C4     52C4        8         0
                text45                             519A     519A       18         0
                text44                             52F4     52F4        6         0
                text43                             4AFE     4AFE       4A         0
                text42                             497C     497C       4E         0
                text41                             4690     4690       5C         0
                text40                             4DD2     4DD2       36         0
                text39                             32A6     32A6       F4         0
                text38                             52EE     52EE        6         0
                text37                             4D64     4D64       38         0
                text36                             4D28     4D28       3C         0
                text35                             4D9C     4D9C       36         0
                text34                             4A66     4A66       4C         0
                text33                             2162     2162      20E         0
                text32                             4F78     4F78       26         0
                text31                             5168     5168       1A         0
                text30                             5282     5282        C         0
                text29                             52E8     52E8        6         0
                text28                             52E2     52E2        6         0
                text27                             4F50     4F50       28         0
                text26                             52DC     52DC        6         0
                text25                             45D4     45D4       5E         0
                text24                             3BF8     3BF8       96         0
                text23                             43DC     43DC       6E         0
                text22                             4798     4798       52         0
                text21                             5182     5182       18         0
                text20                             339A     339A       EE         0
                text19                             2A46     2A46      174         0
                text18                              8F4      8F4      E5A         0
                text17                             52A6     52A6        A         0
                text16                             50D8     50D8       1E         0
                text15                             5248     5248       10         0
                text14                             51CA     51CA       16         0
                text13                             531C     531C        4         0
                text12                             4FC4     4FC4       24         0
                text11                             5318     5318        4         0
                text10                             4516     4516       60         0
                text9                              5222     5222       14         0
                text8                              4576     4576       5E         0
                text7                              5258     5258        E         0
                text6                              5130     5130       1C         0
                text5                              5114     5114       1C         0
                text4                              4C20     4C20       44         0
                text3                              50BA     50BA       1E         0
                text2                              37A6     37A6       C0         0
                text1                              2BBA     2BBA      16A         0
                text0                              2370     2370      1F6         0
                cinit                              436E     436E       6E         0
                idataBANK0                         532D     532D        1         0
                idataCOMRAM                        532C     532C        1         0

        CLASS   CONST          

        CLASS   SMALLCONST     
                smallconst                          800      800       F4         0

        CLASS   MEDIUMCONST    

        CLASS   COMRAM         
                cstackCOMRAM                          2        2       49         1
                dataCOMRAM                           5B       5B        1         1
                bssCOMRAM                            4B       4B       10         1

        CLASS   ABS1           
                abs_s1                                1        1        1         1

        CLASS   BIGRAM         

        CLASS   RAM            

        CLASS   BANK0          
                cstackBANK0                          EA       EA        E         1
                dataBANK0                            F8       F8        1         1
                bssBANK0                             60       60       8A         1

        CLASS   BANK1          
                cstackBANK1                         1D3      1D3       1C         1
                bssBANK1                            100      100       D3         1

        CLASS   BANK2          
                bssBANK2                            200      200       C4         1

        CLASS   BANK3          
                bssBANK3                            300      300       A0         1

        CLASS   BANK4          

        CLASS   BANK5          

        CLASS   BANK6          

        CLASS   BANK7          

        CLASS   SFR            

        CLASS   BIGSFR         

        CLASS   CONFIG         
                config                           300000   300000        E         4

        CLASS   IDLOC          

        CLASS   EEDATA         

        CLASS   FARRAM         

        CLASS   HEAP           

        CLASS   STACK          



SEGMENTS        Name                           Load    Length   Top    Selector   Space  Class

                reset_vec                      000000  000004  000004         0       0  CODE    
                cstackCOMRAM                   000002  00005A  00005C         2       1  COMRAM  
                intcode                        000008  00000A  000012         4       0  CODE    
                bssBANK0                       000060  000099  0000F9        60       1  BANK0   
                bssBANK1                       000100  0000EF  0001EF       100       1  BANK1   
                bssBANK2                       000200  0000C4  0002C4       200       1  BANK2   
                bssBANK3                       000300  0000A0  0003A0       300       1  BANK3   
                smallconst                     000800  0000F4  0008F4       400       0  SMALLCON
                text18                         0008F4  004A3A  00532E       47A       0  CODE    


UNUSED ADDRESS RANGES

        Name                Unused          Largest block    Delta
        BANK0            0000F9-0000FF                7
        BANK1            0001EF-0001FF               11
        BANK2            0002C4-0002FF               3C
        BANK3            0003A0-0003FF               60
        BANK4            000400-0004FF              100
        BANK5            000500-0005FF              100
        BANK6            000600-0006FF              100
        BANK7            000700-0007FF              100
        BIGRAM           00005C-00005F                4
                         0000F9-0000FF                7
                         0001EF-0001FF               11
                         0002C4-0002FF               3C
                         0003A0-0007FF              460
        BIGSFR           000F60-000FFF               A0
        CODE             000004-000007                4
                         000012-0007FF              7EE
                         00532E-007FFF             2CD2
        COMRAM           00005C-00005F                4
        CONST            000004-000007                4
                         000012-0007FF              7EE
                         00532E-007FFF             2CD2
        EEDATA           F00000-F000FF              100
        IDLOC            200000-200007                8
        MEDIUMCONST      00532E-007FFF             2CD2
        RAM              0000F9-0000FF                7
                         0001EF-0001FF               11
                         0002C4-0002FF               3C
                         0003A0-0007FF              100
        SFR              000F60-000FFF               A0
        SMALLCONST       00532E-007FFF              100

                                  Symbol Table

?_ConfigModel_Get                    cstackCOMRAM 000008
?_MDB_Core_GetFrame                  cstackCOMRAM 000006
?_Millis                             cstackCOMRAM 000006
?_Saldo_Get                          cstackCOMRAM 000006
?___awdiv                            cstackCOMRAM 000006
?___awmod                            cstackCOMRAM 000006
?___lwdiv                            cstackCOMRAM 000006
?___lwmod                            cstackCOMRAM 000006
?_strlen                             cstackCOMRAM 000006
App_Dispatch@evt                     cstackCOMRAM 000008
ButtonRepeat@now                     cstackCOMRAM 00001E
ButtonRepeat@period                  cstackCOMRAM 000017
ButtonRepeat@pressed                 cstackCOMRAM 00001B
ButtonRepeat@r                       cstackCOMRAM 00000E
Buttons_Task@ra0                     cstackCOMRAM 000020
Buttons_Task@ra1                     cstackCOMRAM 000021
Buttons_Task@ra2                     cstackCOMRAM 000022
Buttons_Task@rd0                     cstackCOMRAM 000025
Buttons_Task@rd1                     cstackCOMRAM 000023
Buttons_Task@rd2                     cstackCOMRAM 000024
ByteToHex@buf                        cstackCOMRAM 000006
ByteToHex@hex_chars                  smallconst   000801
ByteToHex@value                      cstackCOMRAM 000009
CalculateChecksum@checksum           cstackCOMRAM 00000E
CalculateChecksum@i                  cstackCOMRAM 00000F
CalculateChecksum@n                  cstackCOMRAM 000008
CalculateChecksum@tdata              cstackCOMRAM 000006
ConfigModel_Get@d                    cstackCOMRAM 00000D
ConfigModel_Get@id                   cstackCOMRAM 00000C
ConfigModel_Set@id                   cstackCOMRAM 00000C
ConfigModel_Set@value                cstackCOMRAM 000008
Credit_Dispatch@evt                  cstackCOMRAM 000014
Credit_Dispatch@value                cstackCOMRAM 000010
DatosVenta_Init@magic                cstackCOMRAM 000011
DatosVenta_SetPrecio1@v              cstackCOMRAM 000006
DatosVenta_SetPrecio2@v              cstackCOMRAM 000006
DatosVenta_SetTiempo1@v              cstackCOMRAM 000006
DatosVenta_SetTiempo2@v              cstackCOMRAM 000006
DatosVenta_Valid@d                   cstackCOMRAM 000006
Dispatcher_Handle@e                  cstackCOMRAM 00003B
Dispatcher_Post@evt                  cstackCOMRAM 000008
Dispatcher_Post@param                cstackCOMRAM 00000A
Dispatcher_Post@src                  cstackCOMRAM 00000C
Dispatcher_Task@evt                  cstackCOMRAM 00003E
EEPROM_Read@address                  cstackCOMRAM 000006
EEPROM_ReadBlock@addr                cstackCOMRAM 000008
EEPROM_ReadBlock@dst                 cstackCOMRAM 00000A
EEPROM_ReadBlock@len                 cstackCOMRAM 00000B
EEPROM_ReadBlock@p                   cstackCOMRAM 00000D
EEPROM_Write@address                 cstackCOMRAM 000006
EEPROM_Write@data                    cstackCOMRAM 000008
EEPROM_Write@gie                     cstackCOMRAM 00000A
EEPROM_Write@wait                    cstackCOMRAM 000009
EEPROM_WriteBlock@addr               cstackCOMRAM 00000B
EEPROM_WriteBlock@len                cstackCOMRAM 00000E
EEPROM_WriteBlock@p                  cstackCOMRAM 000010
EEPROM_WriteBlock@src                cstackCOMRAM 00000D
Global_Dispatch@evt                  cstackCOMRAM 00003A
ISR@dato                             cstackCOMRAM 000005
ISR@mode                             cstackCOMRAM 000004
IntToStr@i                           cstackCOMRAM 00001B
IntToStr@j                           cstackCOMRAM 00001A
IntToStr@neg                         cstackCOMRAM 000019
IntToStr@str                         cstackCOMRAM 000010
IntToStr@tmp                         cstackCOMRAM 000012
IntToStr@value                       cstackCOMRAM 00000E
LCD_Clear_Buffer@i                   cstackCOMRAM 000008
LCD_Clear_Buffer@j                   cstackCOMRAM 000009
LCD_HAL_Init@i                       cstackCOMRAM 00000B
LCD_HAL_SendCommand@cmd              cstackCOMRAM 000008
LCD_HAL_SendData@data                cstackCOMRAM 000008
LCD_Render_Task@addr                 cstackCOMRAM 00000B
LCD_SendNibble@n                     cstackCOMRAM 000007
LCD_Write_Buffer@cc                  cstackCOMRAM 000010
LCD_Write_Buffer@col                 cstackCOMRAM 00000A
LCD_Write_Buffer@row                 cstackCOMRAM 000011
LCD_Write_Buffer@rr                  cstackCOMRAM 00000F
LCD_Write_Buffer@str                 cstackCOMRAM 00000B
LCD_Write_Credit@value               cstackCOMRAM 000030
LoadConfig@i                         cstackCOMRAM 000010
Ltrim@p                              cstackCOMRAM 00002C
Ltrim@s                              cstackCOMRAM 00002A
MDBLinkSendCommand@F3817             smallconst   000831
MDBLinkSendCommand@F3819             smallconst   00082F
MDBLinkSendCommand@F3821             smallconst   00082D
MDBLinkSendCommand@F3823             smallconst   00082B
MDBLinkSendCommand@F3825             smallconst   00081F
MDBLinkSendCommand@F3827             smallconst   000819
MDBLinkSendCommand@F3829             smallconst   000828
MDBLinkSendCommand@F3831             smallconst   000812
MDBLinkSendCommand@F3833             smallconst   000825
MDBLinkSendCommand@cmd               cstackCOMRAM 00002B
MDBLinkSendCommand@cmd_1872          cstackCOMRAM 00002D
MDBLinkSendCommand@cmd_1874          cstackCOMRAM 00002F
MDBLinkSendCommand@cmd_1876          cstackCOMRAM 000031
MDBLinkSendCommand@cmd_1878          cstackCOMRAM 000019
MDBLinkSendCommand@cmd_1880          cstackCOMRAM 00001F
MDBLinkSendCommand@cmd_1882          cstackCOMRAM 000025
MDBLinkSendCommand@cmd_1884          cstackCOMRAM 000012
MDBLinkSendCommand@cmd_1886          cstackCOMRAM 000028
MDBLinkSendCommand@command           cstackCOMRAM 000036
MDBLinkSendCommand@lenLog            cstackCOMRAM 000033
MDBLinkSendCommand@subCommand        cstackCOMRAM 000011
MDB_Core_Task@bit9                   cstackCOMRAM 00001C
MDB_Core_Task@byte                   cstackCOMRAM 00001D
MDB_Link_Dispatch@evt                cstackCOMRAM 00000A
MDB_Link_Dispatch@value              cstackCOMRAM 000006
MDB_Link_Log_TX@cmd                  cstackCOMRAM 000010
MDB_Link_Log_TX@len                  cstackCOMRAM 00000F
MDB_Link_Log_TX@sub                  cstackCOMRAM 00000E
MDB_Link_Task@CoinTypeDeposited      cstackCOMRAM 000043
MDB_Link_Task@CoinValue              cstackCOMRAM 00003E
MDB_Link_Task@credit                 cstackCOMRAM 000040
MDB_Link_Task@evt                    cstackCOMRAM 000042
MDB_Link_Task@f                      cstackCOMRAM 000048
MDB_Link_Task@i                      cstackCOMRAM 000045
MDB_Link_Task@i_1907                 cstackCOMRAM 000046
MDB_Link_Task@k                      cstackCOMRAM 000047
MDB_Link_Task@temp                   cstackCOMRAM 00003C
MDB_Link_To_PC@dta                   cstackCOMRAM 00001D
MDB_Link_To_PC@i                     cstackCOMRAM 000020
MDB_Link_To_PC@len                   cstackCOMRAM 00001F
MDB_SendCommand_Refund@cmd           cstackCOMRAM 000013
MDB_SendCommand_Refund@monedas       cstackCOMRAM 000012
MDB_SendCommand_Refund@value         cstackCOMRAM 000010
Millis@current                       cstackCOMRAM 00000A
NextIndex@idx                        cstackCOMRAM 000006
PadLeft@currentLen                   cstackCOMRAM 000016
PadLeft@i                            cstackCOMRAM 000017
PadLeft@i_1362                       cstackCOMRAM 000015
PadLeft@len                          cstackCOMRAM 00000C
PadLeft@offset                       cstackCOMRAM 000014
PadLeft@padChar                      cstackCOMRAM 00000D
PadLeft@str                          cstackCOMRAM 00000A
ParsePoll@buf                        cstackCOMRAM 000007
ParsePoll@i                          cstackCOMRAM 00000F
ParsePoll@len                        cstackCOMRAM 000009
RequestRefund@credit                 cstackCOMRAM 00000B
Rtrim@len                            cstackCOMRAM 00000E
Rtrim@s                              cstackCOMRAM 00000A
Saldo_Add@amount                     cstackCOMRAM 000006
Saldo_CanAfford@price                cstackCOMRAM 000006
Saldo_Deduct@price                   cstackCOMRAM 000006
SaveConfig@i                         cstackCOMRAM 000013
StartDispense@dv                     cstackCOMRAM 000018
StartDispense@prod                   cstackCOMRAM 000017
TimerNB_Expired@t                    cstackCOMRAM 00000E
TimerNB_Start@ms                     cstackCOMRAM 000010
TimerNB_Start@t                      cstackCOMRAM 00000E
TransitionTo@Global$F1642@next       cstackCOMRAM 000037
TransitionTo@MDB_Link$F1735@delay_ms cstackCOMRAM 000014
TransitionTo@MDB_Link$F1735@next     cstackCOMRAM 000016
TransitionTo@Vend$F2005@next         cstackCOMRAM 000006
TransitionTo@next                    cstackCOMRAM 00000F
Trim@s                               cstackCOMRAM 00002E
UART1_Init@baud                      cstackCOMRAM 000006
UART_Helper_Read@bit9                cstackCOMRAM 000007
UART_Helper_Read@byte                cstackCOMRAM 000006
UART_Write9@data                     cstackCOMRAM 000008
UART_Write9@mode                     cstackCOMRAM 000006
UI_Config_Contrl_Task@down           cstackCOMRAM 00002B
UI_Config_Contrl_Task@p              cstackCOMRAM 00002C
UI_Config_Contrl_Task@p_2728         cstackCOMRAM 00002D
UI_Config_Contrl_Task@up             cstackCOMRAM 00002A
UI_Dispatch@evt                      cstackCOMRAM 000034
UI_MDB_MapStatus@status_code         cstackCOMRAM 000006
UI_Show_MDB_Rx_Line4@col             cstackCOMRAM 00001C
UI_Show_MDB_Rx_Line4@hex             cstackCOMRAM 000017
UI_Show_MDB_Rx_Line4@i               cstackCOMRAM 00001B
UI_Show_MDB_Rx_Line4@len             cstackCOMRAM 000016
UI_Show_MDB_Rx_Line4@rx              cstackCOMRAM 000014
UI_Show_MDB_Rx_Line4@tx              cstackCOMRAM 000012
UInt16ToStr@i                        cstackCOMRAM 000017
UInt16ToStr@j                        cstackCOMRAM 000016
UInt16ToStr@str                      cstackCOMRAM 00000F
UInt16ToStr@tmp                      cstackCOMRAM 000011
UInt16ToStr@value                    cstackCOMRAM 00000D
ValidateChecksum@calculated          cstackCOMRAM 000015
ValidateChecksum@n                   cstackCOMRAM 000012
ValidateChecksum@received            cstackCOMRAM 000016
ValidateChecksum@tdata               cstackCOMRAM 000010
Vend_Dispatch@evt                    cstackCOMRAM 000009
Vend_Task@dv                         cstackCOMRAM 00001E
_ADCON1                              (abs)        000FC1
_App_Controller                      text111      00509A
_App_Dispatch                        text107      00492C
_App_GetState                        text109      0047EA
_App_Init                            text108      00532A
_App_Task                            text86       00483C
_BAUDCONbits                         (abs)        000FB8
_BtnA0_Event                         bssBANK0     0000A1
_BtnA1_Event                         bssBANK0     0000A0
_BtnA2_Event                         bssBANK0     00009F
_BtnD0_Event                         bssBANK0     0000A7
_BtnD0_LongEvent                     bssBANK0     0000A8
_BtnD1_Event                         bssBANK0     00009D
_BtnD1_IsPressed                     text104      00530C
_BtnD2_Event                         bssBANK0     00009C
_BtnD2_IsPressed                     text103      005306
_ButtonRepeat                        text102      002566
_ButtonRepeat$2714                   cstackCOMRAM 00001C
_Buttons_Init                        text85       003866
_Buttons_Task                        text82       00174E
_ByteToHex                           text25       0045D4
_CMCON                               (abs)        000FB4
_CalculateChecksum                   text42       00497C
_ConfigModel_Get                     text128      003B52
_ConfigModel_Init                    text130      005312
_ConfigModel_Save                    text99       005300
_ConfigModel_Set                     text94       003F34
_Credit_Dispatch                     text68       002F80
_Credit_GetState                     text81       004CA8
_Credit_Init                         text79       0052D4
_Credit_Task                         text67       0046EC
_DatosVenta_Get                      text129      005324
_DatosVenta_IncContador1             text6        005130
_DatosVenta_IncContador2             text5        005114
_DatosVenta_Init                     text131      0040AC
_DatosVenta_LoadDefaults             text136      004EFA
_DatosVenta_Save                     text100      004E9E
_DatosVenta_SetPrecio1               text98       005054
_DatosVenta_SetPrecio2               text97       005030
_DatosVenta_SetTiempo1               text96       00500C
_DatosVenta_SetTiempo2               text95       004FE8
_DatosVenta_Valid                    text101      004032
_Dispatcher_Handle                   text59       002722
_Dispatcher_Init                     text66       0052FA
_Dispatcher_Post                     text70       00444A
_Dispatcher_Task                     text57       004B92
_EEADR                               (abs)        000FA9
_EECON1bits                          (abs)        000FA6
_EECON2                              (abs)        000FA7
_EEDATA                              (abs)        000FA8
_EEPROM_Read                         text135      005274
_EEPROM_ReadBlock                    text134      004CEA
_EEPROM_Write                        text133      004A18
_EEPROM_WriteBlock                   text132      004C64
_FSM_App_Get_State                   text110      005320
_FSM_UI_GetState                     text11       005318
_FinishDispense                      text4        004C20
_GPIO_Init                           text56       004BDA
_Global_Dispatch                     text62       002D24
_Global_GetState                     text55       004632
_Global_Init                         text54       00528E
_INTCON2bits                         (abs)        000FF1
_INTCONbits                          (abs)        000FF2
_IPR1bits                            (abs)        000F9F
_ISR                                 intcode      000008
_IntToStr                            text88       003098
_LATB                                (abs)        000F8A
_LATBbits                            (abs)        000F8A
_LCD_Clear_Buffer                    text106      0048DC
_LCD_Config_View_Task                text105      004F26
_LCD_FSM_Init                        text53       005266
_LCD_HAL_Init                        text49       00419E
_LCD_HAL_SendCommand                 text50       0051F6
_LCD_HAL_SendData                    text48       0051E0
_LCD_PulseEN                         text52       005236
_LCD_Render_Task                     text47       0031A0
_LCD_SendNibble                      text51       004126
_LCD_Write_Buffer                    text125      0039E6
_LCD_Write_Credit                    text65       004E08
_LoadConfig                          text127      004AB2
_Ltrim                               text120      003DA6
_MDBLinkSendCommand                  text33       002162
_MDBLinkSendCommand$1888             cstackCOMRAM 000034
_MDBSendACK                          text29       0052E8
_MDB_Core_FrameAvailable             text28       0052E2
_MDB_Core_GetFrame                   text27       004F50
_MDB_Core_Init                       text46       0052C4
_MDB_Core_ReleaseFrame               text26       0052DC
_MDB_Core_Task                       text39       0032A6
_MDB_Link_Dispatch                   text78       00428A
_MDB_Link_GetState                   text38       0052EE
_MDB_Link_Init                       text31       005168
_MDB_Link_Log_TX                     text36       004D28
_MDB_Link_Task                       text18       0008F4
_MDB_Link_Task$1905                  cstackCOMRAM 000044
_MDB_Link_To_PC                      text23       0043DC
_MDB_SendCommand_Refund              text22       004798
_MDB_Status_Clear                    text21       005182
_Millis                              text126      004F9E
_NB_EXPFEATURETimeOut                bssBANK1     00019D
_NB_EXPIDTimeOut                     bssBANK1     0001A6
_NB_EXP_DIAG_TimeOut                 bssBANK1     000139
_NB_EnableCoinsTimeOut               bssBANK0     0000E1
_NB_JustResetTimeout                 bssBANK1     0001B8
_NB_PollTimeOut                      bssBANK1     00018B
_NB_ResetTimeOut                     bssBANK1     0001C1
_NB_SetupTimeOut                     bssBANK1     0001AF
_NB_TubeStatusTimeOut                bssBANK1     000194
_NextIndex                           text72       0052CC
_PIE1bits                            (abs)        000F9D
_PIR1bits                            (abs)        000F9E
_PORTA                               (abs)        000F80
_PORTAbits                           (abs)        000F80
_PORTB                               (abs)        000F81
_PORTC                               (abs)        000F82
_PORTD                               (abs)        000F83
_PORTDbits                           (abs)        000F83
_PORTE                               (abs)        000F84
_PadLeft                             text123      003620
_ParsePoll                           text19       002A46
_Queue_IsEmpty                       text58       0051B2
_Queue_IsFull                        text71       00514C
_RCONbits                            (abs)        000FD0
_RCREG                               (abs)        000FAE
_RCSTAbits                           (abs)        000FAB
_RX_mode                             bssBANK2     000200
_RefundValue                         bssBANK0     00007B
_RequestRefund                       text76       004E3C
_Rtrim                               text119      003EB0
_Rx_data                             bssBANK2     00022E
_SPBRG                               (abs)        000FAF
_SPBRGH                              (abs)        000FB0
_Saldo_Add                           text75       00529A
_Saldo_CanAfford                     text3        0050BA
_Saldo_Clear                         text80       0052BA
_Saldo_Deduct                        text74       005078
_Saldo_Get                           text77       0052B0
_Saldo_Init                          text17       0052A6
_SaveConfig                          text93       00488C
_StartDispense                       text2        0037A6
_T0CONbits                           (abs)        000FD5
_T1CON                               (abs)        000FCD
_TMR0H                               (abs)        000FD7
_TMR0L                               (abs)        000FD6
_TMR1H                               (abs)        000FCF
_TMR1IF                              (abs)        007CF0
_TMR1L                               (abs)        000FCE
_TRISA                               (abs)        000F92
_TRISAbits                           (abs)        000F92
_TRISB                               (abs)        000F93
_TRISBbits                           (abs)        000F93
_TRISC                               (abs)        000F94
_TRISCbits                           (abs)        000F94
_TRISD                               (abs)        000F95
_TRISDbits                           (abs)        000F95
_TRISE                               (abs)        000F96
_TRISEbits                           (abs)        000F96
_TXIF                                (abs)        007CF4
_TXREG                               (abs)        000FAD
_TXSTAbits                           (abs)        000FAC
_Timer0_Counter                      bssBANK0     000088
_Timer0_Init                         text16       0050D8
_Timer1_Counter                      bssBANK0     000086
_Timer1_Init                         text15       005248
_TimerNB_Expired                     text84       003C8E
_TimerNB_Start                       text83       004B48
_TouchActivity                       text73       00520C
_TransitionTo                        text69       003FB6
_TransitionTo@Global$F1642           text63       003E2C
_TransitionTo@MDB_Link$F1735         text32       004F78
_TransitionTo@Vend$F2005             text61       0050F6
_Trim                                text118      004E6E
_UART1_Init                          text14       0051CA
_UART_Helper_BytesAvailable          text45       00519A
_UART_Helper_Flush                   text44       0052F4
_UART_Helper_Init                    text13       00531C
_UART_Helper_Read                    text43       004AFE
_UART_Init_9600_9bit                 text12       004FC4
_UART_Write9                         text35       004D9C
_UI_Config_Contrl_Task               text92       001BDC
_UI_Config_Init                      text112      004ECC
_UI_Ctrl_Task                        text91       005328
_UI_Dispatch                         text64       00355A
_UI_GetState                         text10       004516
_UI_Init                             text9        005222
_UI_MDB_MapStatus                    text20       00339A
_UI_Show_MDB_Rx_Line4                text24       003BF8
_UI_View_Task                        text87       002E56
_UInt16ToStr                         text115      0036E4
_ValidateChecksum                    text41       004690
_Vend_Dispatch                       text60       004214
_Vend_GetState                       text8        004576
_Vend_Init                           text7        005258
_Vend_Task                           text1        002BBA
__HRAM                               (abs)        000000
__H__absolute__                      __absolute__ 000000
__Habs1                              abs1         000000
__Hbank0                             bank0        000000
__Hbank1                             bank1        000000
__Hbank2                             bank2        000000
__Hbank3                             bank3        000000
__Hbank4                             bank4        000000
__Hbank5                             bank5        000000
__Hbank6                             bank6        000000
__Hbank7                             bank7        000000
__Hbigbss                            bigbss       000000
__Hbigdata                           bigdata      000000
__Hbigram                            bigram       000000
__Hbigsfr                            bigsfr       000000
__Hbss                               bss          000000
__HbssBANK0                          bssBANK0     000000
__HbssBANK1                          bssBANK1     000000
__HbssBANK2                          bssBANK2     000000
__HbssBANK3                          bssBANK3     000000
__HbssCOMRAM                         bssCOMRAM    000000
__Hcinit                             cinit        000000
__Hclrtext                           clrtext      000000
__Hcomram                            comram       000000
__Hconfig                            config       30000E
__Hconst                             const        000000
__HcstackBANK0                       cstackBANK0  000000
__HcstackBANK1                       cstackBANK1  000000
__HcstackCOMRAM                      cstackCOMRAM 000000
__Hdata                              data         000000
__HdataBANK0                         dataBANK0    000000
__HdataCOMRAM                        dataCOMRAM   000000
__Heeprom_data                       eeprom_data  000000
__Hfarbss                            farbss       000000
__Hfardata                           fardata      000000
__Hheap                              heap         000000
__Hibigdata                          ibigdata     000000
__Hidata                             idata        000000
__HidataBANK0                        idataBANK0   000000
__HidataCOMRAM                       idataCOMRAM  000000
__Hidloc                             idloc        000000
__Hifardata                          ifardata     000000
__Hinit                              init         000012
__Hintcode                           intcode      00000E
__Hintcode_body                      intcode_body 000000
__Hintcodelo                         intcodelo    000018
__Hintentry                          intentry     000000
__Hintret                            intret       000000
__Hintsave_regs                      intsave_regs 000000
__Hirdata                            irdata       000000
__Hmediumconst                       mediumconst  000000
__HnvFARRAM                          nvFARRAM     000000
__Hnvbit                             nvbit        000000
__Hnvrram                            nvrram       000000
__Hparam                             rparam       000000
__Hpowerup                           powerup      000000
__Hram                               ram          000000
__Hramtop                            ramtop       000800
__Hrbit                              rbit         000000
__Hrbss                              rbss         000000
__Hrdata                             rdata        000000
__Hreset_vec                         reset_vec    000004
__Hrparam                            rparam       000000
__Hsfr                               sfr          000000
__Hsivt_hi                           sivt_hi      000000
__Hsivt_lo                           sivt_lo      000018
__Hsmallconst                        smallconst   0008F4
__Hspace_0                           (abs)        00532E
__Hspace_1                           (abs)        0003A0
__Hspace_2                           (abs)        000000
__Hspace_4                           (abs)        60000E
__Hstack                             stack        000000
__Hstruct                            struct       000000
__Htemp                              temp         000000
__Htext                              text         000000
__Htext0                             text0        000000
__Htext1                             text1        000000
__Htext10                            text10       000000
__Htext100                           text100      000000
__Htext101                           text101      000000
__Htext102                           text102      000000
__Htext103                           text103      000000
__Htext104                           text104      000000
__Htext105                           text105      000000
__Htext106                           text106      000000
__Htext107                           text107      000000
__Htext108                           text108      000000
__Htext109                           text109      000000
__Htext11                            text11       000000
__Htext110                           text110      000000
__Htext111                           text111      000000
__Htext112                           text112      000000
__Htext113                           text113      000000
__Htext114                           text114      000000
__Htext115                           text115      000000
__Htext116                           text116      000000
__Htext117                           text117      000000
__Htext118                           text118      000000
__Htext119                           text119      000000
__Htext12                            text12       000000
__Htext120                           text120      000000
__Htext121                           text121      000000
__Htext122                           text122      000000
__Htext123                           text123      000000
__Htext124                           text124      000000
__Htext125                           text125      000000
__Htext126                           text126      000000
__Htext127                           text127      000000
__Htext128                           text128      000000
__Htext129                           text129      000000
__Htext13                            text13       000000
__Htext130                           text130      000000
__Htext131                           text131      000000
__Htext132                           text132      000000
__Htext133                           text133      000000
__Htext134                           text134      000000
__Htext135                           text135      000000
__Htext136                           text136      000000
__Htext14                            text14       000000
__Htext15                            text15       000000
__Htext16                            text16       000000
__Htext17                            text17       000000
__Htext18                            text18       000000
__Htext19                            text19       000000
__Htext2                             text2        000000
__Htext20                            text20       000000
__Htext21                            text21       000000
__Htext22                            text22       000000
__Htext23                            text23       000000
__Htext24                            text24       000000
__Htext25                            text25       000000
__Htext26                            text26       000000
__Htext27                            text27       000000
__Htext28                            text28       000000
__Htext29                            text29       000000
__Htext3                             text3        000000
__Htext30                            text30       000000
__Htext31                            text31       000000
__Htext32                            text32       000000
__Htext33                            text33       000000
__Htext34                            text34       000000
__Htext35                            text35       000000
__Htext36                            text36       000000
__Htext37                            text37       000000
__Htext38                            text38       000000
__Htext39                            text39       000000
__Htext4                             text4        000000
__Htext40                            text40       000000
__Htext41                            text41       000000
__Htext42                            text42       000000
__Htext43                            text43       000000
__Htext44                            text44       000000
__Htext45                            text45       000000
__Htext46                            text46       000000
__Htext47                            text47       000000
__Htext48                            text48       000000
__Htext49                            text49       000000
__Htext5                             text5        000000
__Htext50                            text50       000000
__Htext51                            text51       000000
__Htext52                            text52       000000
__Htext53                            text53       000000
__Htext54                            text54       000000
__Htext55                            text55       000000
__Htext56                            text56       000000
__Htext57                            text57       000000
__Htext58                            text58       000000
__Htext59                            text59       000000
__Htext6                             text6        000000
__Htext60                            text60       000000
__Htext61                            text61       000000
__Htext62                            text62       000000
__Htext63                            text63       000000
__Htext64                            text64       000000
__Htext65                            text65       000000
__Htext66                            text66       000000
__Htext67                            text67       000000
__Htext68                            text68       000000
__Htext69                            text69       000000
__Htext7                             text7        000000
__Htext70                            text70       000000
__Htext71                            text71       000000
__Htext72                            text72       000000
__Htext73                            text73       000000
__Htext74                            text74       000000
__Htext75                            text75       000000
__Htext76                            text76       000000
__Htext77                            text77       000000
__Htext78                            text78       000000
__Htext79                            text79       000000
__Htext8                             text8        000000
__Htext80                            text80       000000
__Htext81                            text81       000000
__Htext82                            text82       000000
__Htext83                            text83       000000
__Htext84                            text84       000000
__Htext85                            text85       000000
__Htext86                            text86       000000
__Htext87                            text87       000000
__Htext88                            text88       000000
__Htext89                            text89       000000
__Htext9                             text9        000000
__Htext90                            text90       000000
__Htext91                            text91       000000
__Htext92                            text92       000000
__Htext93                            text93       000000
__Htext94                            text94       000000
__Htext95                            text95       000000
__Htext96                            text96       000000
__Htext97                            text97       000000
__Htext98                            text98       000000
__Htext99                            text99       000000
__LRAM                               (abs)        000001
__L__absolute__                      __absolute__ 000000
__Labs1                              abs1         000000
__Lbank0                             bank0        000000
__Lbank1                             bank1        000000
__Lbank2                             bank2        000000
__Lbank3                             bank3        000000
__Lbank4                             bank4        000000
__Lbank5                             bank5        000000
__Lbank6                             bank6        000000
__Lbank7                             bank7        000000
__Lbigbss                            bigbss       000000
__Lbigdata                           bigdata      000000
__Lbigram                            bigram       000000
__Lbigsfr                            bigsfr       000000
__Lbss                               bss          000000
__LbssBANK0                          bssBANK0     000000
__LbssBANK1                          bssBANK1     000000
__LbssBANK2                          bssBANK2     000000
__LbssBANK3                          bssBANK3     000000
__LbssCOMRAM                         bssCOMRAM    000000
__Lcinit                             cinit        000000
__Lclrtext                           clrtext      000000
__Lcomram                            comram       000000
__Lconfig                            config       000000
__Lconst                             const        000000
__LcstackBANK0                       cstackBANK0  000000
__LcstackBANK1                       cstackBANK1  000000
__LcstackCOMRAM                      cstackCOMRAM 000000
__Ldata                              data         000000
__LdataBANK0                         dataBANK0    000000
__LdataCOMRAM                        dataCOMRAM   000000
__Leeprom_data                       eeprom_data  000000
__Lfarbss                            farbss       000000
__Lfardata                           fardata      000000
__Lheap                              heap         000000
__Libigdata                          ibigdata     000000
__Lidata                             idata        000000
__LidataBANK0                        idataBANK0   000000
__LidataCOMRAM                       idataCOMRAM  000000
__Lidloc                             idloc        000000
__Lifardata                          ifardata     000000
__Linit                              init         00000E
__Lintcode                           intcode      000008
__Lintcode_body                      intcode_body 000000
__Lintcodelo                         intcodelo    000018
__Lintentry                          intentry     000000
__Lintret                            intret       000000
__Lintsave_regs                      intsave_regs 000000
__Lirdata                            irdata       000000
__Lmediumconst                       mediumconst  000000
__LnvFARRAM                          nvFARRAM     000000
__Lnvbit                             nvbit        000000
__Lnvrram                            nvrram       000000
__Lparam                             rparam       000000
__Lpowerup                           powerup      000000
__Lram                               ram          000000
__Lramtop                            ramtop       000800
__Lrbit                              rbit         000000
__Lrbss                              rbss         000000
__Lrdata                             rdata        000000
__Lreset_vec                         reset_vec    000000
__Lrparam                            rparam       000000
__Lsfr                               sfr          000000
__Lsivt_hi                           sivt_hi      000000
__Lsivt_lo                           sivt_lo      000018
__Lsmallconst                        smallconst   000800
__Lspace_0                           (abs)        000000
__Lspace_1                           (abs)        000000
__Lspace_2                           (abs)        000000
__Lspace_4                           (abs)        000000
__Lstack                             stack        000000
__Lstruct                            struct       000000
__Ltemp                              temp         000000
__Ltext                              text         000000
__Ltext0                             text0        000000
__Ltext1                             text1        000000
__Ltext10                            text10       000000
__Ltext100                           text100      000000
__Ltext101                           text101      000000
__Ltext102                           text102      000000
__Ltext103                           text103      000000
__Ltext104                           text104      000000
__Ltext105                           text105      000000
__Ltext106                           text106      000000
__Ltext107                           text107      000000
__Ltext108                           text108      000000
__Ltext109                           text109      000000
__Ltext11                            text11       000000
__Ltext110                           text110      000000
__Ltext111                           text111      000000
__Ltext112                           text112      000000
__Ltext113                           text113      000000
__Ltext114                           text114      000000
__Ltext115                           text115      000000
__Ltext116                           text116      000000
__Ltext117                           text117      000000
__Ltext118                           text118      000000
__Ltext119                           text119      000000
__Ltext12                            text12       000000
__Ltext120                           text120      000000
__Ltext121                           text121      000000
__Ltext122                           text122      000000
__Ltext123                           text123      000000
__Ltext124                           text124      000000
__Ltext125                           text125      000000
__Ltext126                           text126      000000
__Ltext127                           text127      000000
__Ltext128                           text128      000000
__Ltext129                           text129      000000
__Ltext13                            text13       000000
__Ltext130                           text130      000000
__Ltext131                           text131      000000
__Ltext132                           text132      000000
__Ltext133                           text133      000000
__Ltext134                           text134      000000
__Ltext135                           text135      000000
__Ltext136                           text136      000000
__Ltext14                            text14       000000
__Ltext15                            text15       000000
__Ltext16                            text16       000000
__Ltext17                            text17       000000
__Ltext18                            text18       000000
__Ltext19                            text19       000000
__Ltext2                             text2        000000
__Ltext20                            text20       000000
__Ltext21                            text21       000000
__Ltext22                            text22       000000
__Ltext23                            text23       000000
__Ltext24                            text24       000000
__Ltext25                            text25       000000
__Ltext26                            text26       000000
__Ltext27                            text27       000000
__Ltext28                            text28       000000
__Ltext29                            text29       000000
__Ltext3                             text3        000000
__Ltext30                            text30       000000
__Ltext31                            text31       000000
__Ltext32                            text32       000000
__Ltext33                            text33       000000
__Ltext34                            text34       000000
__Ltext35                            text35       000000
__Ltext36                            text36       000000
__Ltext37                            text37       000000
__Ltext38                            text38       000000
__Ltext39                            text39       000000
__Ltext4                             text4        000000
__Ltext40                            text40       000000
__Ltext41                            text41       000000
__Ltext42                            text42       000000
__Ltext43                            text43       000000
__Ltext44                            text44       000000
__Ltext45                            text45       000000
__Ltext46                            text46       000000
__Ltext47                            text47       000000
__Ltext48                            text48       000000
__Ltext49                            text49       000000
__Ltext5                             text5        000000
__Ltext50                            text50       000000
__Ltext51                            text51       000000
__Ltext52                            text52       000000
__Ltext53                            text53       000000
__Ltext54                            text54       000000
__Ltext55                            text55       000000
__Ltext56                            text56       000000
__Ltext57                            text57       000000
__Ltext58                            text58       000000
__Ltext59                            text59       000000
__Ltext6                             text6        000000
__Ltext60                            text60       000000
__Ltext61                            text61       000000
__Ltext62                            text62       000000
__Ltext63                            text63       000000
__Ltext64                            text64       000000
__Ltext65                            text65       000000
__Ltext66                            text66       000000
__Ltext67                            text67       000000
__Ltext68                            text68       000000
__Ltext69                            text69       000000
__Ltext7                             text7        000000
__Ltext70                            text70       000000
__Ltext71                            text71       000000
__Ltext72                            text72       000000
__Ltext73                            text73       000000
__Ltext74                            text74       000000
__Ltext75                            text75       000000
__Ltext76                            text76       000000
__Ltext77                            text77       000000
__Ltext78                            text78       000000
__Ltext79                            text79       000000
__Ltext8                             text8        000000
__Ltext80                            text80       000000
__Ltext81                            text81       000000
__Ltext82                            text82       000000
__Ltext83                            text83       000000
__Ltext84                            text84       000000
__Ltext85                            text85       000000
__Ltext86                            text86       000000
__Ltext87                            text87       000000
__Ltext88                            text88       000000
__Ltext89                            text89       000000
__Ltext9                             text9        000000
__Ltext90                            text90       000000
__Ltext91                            text91       000000
__Ltext92                            text92       000000
__Ltext93                            text93       000000
__Ltext94                            text94       000000
__Ltext95                            text95       000000
__Ltext96                            text96       000000
__Ltext97                            text97       000000
__Ltext98                            text98       000000
__Ltext99                            text99       000000
__S0                                 (abs)        00532E
__S1                                 (abs)        0003A0
__S4                                 (abs)        000000
__S5                                 (abs)        000000
___awdiv                             text90       003926
___awdiv@counter                     cstackCOMRAM 00000A
___awdiv@dividend                    cstackCOMRAM 000006
___awdiv@divisor                     cstackCOMRAM 000008
___awdiv@quotient                    cstackCOMRAM 00000C
___awdiv@sign                        cstackCOMRAM 00000B
___awmod                             text89       003AA4
___awmod@counter                     cstackCOMRAM 00000A
___awmod@dividend                    cstackCOMRAM 000006
___awmod@divisor                     cstackCOMRAM 000008
___awmod@sign                        cstackCOMRAM 00000B
___heap_hi                           (abs)        000000
___heap_lo                           (abs)        000000
___inthi_sp                          stack        000000
___inthi_stack_hi                    stack        000000
___inthi_stack_lo                    stack        000000
___intlo_sp                          stack        000000
___intlo_stack_hi                    stack        000000
[...]
__ptext67                            text67       0046EC
__ptext68                            text68       002F80
__ptext69                            text69       003FB6
__ptext7                             text7        005258
__ptext70                            text70       00444A
__ptext71                            text71       00514C
__ptext72                            text72       0052CC
__ptext73                            text73       00520C
__ptext74                            text74       005078
__ptext75                            text75       00529A
__ptext76                            text76       004E3C
__ptext77                            text77       0052B0
__ptext78                            text78       00428A
__ptext79                            text79       0052D4
__ptext8                             text8        004576
__ptext80                            text80       0052BA
__ptext81                            text81       004CA8
__ptext82                            text82       00174E
__ptext83                            text83       004B48
__ptext84                            text84       003C8E
__ptext85                            text85       003866
__ptext86                            text86       00483C
__ptext87                            text87       002E56
__ptext88                            text88       003098
__ptext89                            text89       003AA4
__ptext9                             text9        005222
__ptext90                            text90       003926
__ptext91                            text91       005328
__ptext92                            text92       001BDC
__ptext93                            text93       00488C
__ptext94                            text94       003F34
__ptext95                            text95       004FE8
__ptext96                            text96       00500C
__ptext97                            text97       005030
__ptext98                            text98       005054
__ptext99                            text99       005300
__ramtop                             ramtop       000800
__smallconst                         smallconst   000800
__tmp                                bssBANK1     000142
_btnA0_lock                          bssBANK0     000095
_btnA0_timer                         bssBANK1     000179
_btnA1_lock                          bssBANK0     000094
_btnA1_timer                         bssBANK1     000170
_btnA2_lock                          bssBANK0     000093
_btnA2_timer                         bssBANK1     000167
_btnD0_lock                          bssCOMRAM    000053
_btnD0_timer                         bssBANK1     00015E
_btnD1_lock                          bssBANK0     000092
_btnD1_timer                         bssBANK1     000155
_btnD2_lock                          bssBANK0     000091
_btnD2_timer                         bssBANK1     00014C
_c                                   bssCOMRAM    000050
_cfg_blink                           bssBANK0     00008A
_cfg_blink_timer                     bssBANK0     000068
_cfg_edit                            bssCOMRAM    00004D
_cfg_edited                          bssBANK0     000060
_cfg_menu                            bssCOMRAM    00004E
_close_frame                         text40       004DD2
_coin_changer_info                   bssBANK1     000100
_current_credit                      bssCOMRAM    00004B
_current_state                       bssCOMRAM    000056
_current_state@Credit$F1594          bssCOMRAM    000055
_current_state@MDB_Link$F1841        bssBANK0     0000A3
_current_state@UI$F2562              bssCOMRAM    00004F
_current_state@Vend$F1996            bssCOMRAM    000054
_dispense_timer                      bssBANK0     0000D8
_display_config_values               text113      001EE6
_display_config_values$2691          cstackBANK1  0001E8
_display_config_values$2696          cstackBANK1  0001EA
_display_config_values$2700          cstackBANK1  0001EB
_frame                               bssBANK2     000294
_frame_ready                         bssBANK0     0000A9
_g_datos                             bssBANK0     0000BA
_g_state                             dataCOMRAM   00005B
_hal_UART_SendACK                    text30       005282
_hal_UART_Write_Cmd                  text34       004A66
_idx                                 bssCOMRAM    000057
_is_coinco                           bssBANK0     0000A5
_is_space                            text122      004744
_is_space$1342                       cstackCOMRAM 000006
_last_activity_ms                    bssBANK0     000070
_lcd_buffer                          bssBANK3     000300
_lcd_dirty                           dataBANK0    0000F8
_main                                text0        002370
_mdbWaitTimer                        bssBANK1     000182
_mdb_log                             bssBANK2     00025C
_mdb_status                          bssBANK0     0000AD
_memmove                             text121      0028C6
_memset                              text37       004D64
_next_state                          bssBANK0     0000A2
_ok_long_sent                        bssBANK0     00008E
_ok_press_start                      bssBANK0     00006C
_polls_buenos                        bssBANK0     0000A4
_prev_credit                         bssBANK0     000080
_prev_state                          bssBANK0     00008C
_q_head                              bssCOMRAM    000059
_q_tail                              bssCOMRAM    000058
_queue                               bssBANK3     000350
_r                                   bssCOMRAM    000051
_rA0_last                            bssBANK0     00009B
_rA1_last                            bssBANK0     00009A
_rA2_last                            bssBANK0     000099
_rD0_last                            bssBANK0     000098
_rD1_last                            bssBANK0     000097
_rD2_last                            bssBANK0     000096
_rd1_pressed                         bssBANK0     000090
_rd2_pressed                         bssBANK0     00008F
_received_data                       bssCOMRAM    00005A
_rep_down                            bssBANK0     0000C6
_rep_up                              bssBANK0     0000CF
_rx_frame_hint                       bssBANK0     0000AC
_rx_read_idx                         bssCOMRAM    000052
_saldo                               bssBANK0     000082
_st_config                           bssBANK0     00008B
_state                               bssBANK0     00008D
_strlen                              text124      0049CA
_strncpy                             text114      003D20
_timer0_flag                         bssBANK0     0000AB
_timer0_millis                       bssBANK0     000074
_timer1_flag                         bssBANK0     0000AA
_tmr_mdb_interbyte                   bssBANK1     0001CA
_tube_status                         bssBANK1     000126
_ui_params                           smallconst   000833
_vend_ctx                            bssBANK0     000078
btemp                                (abs)        000001
btemp0                               (abs)        000001
btemp1                               (abs)        000002
display_config_values@buff           cstackBANK1  0001D3
display_config_values@i              cstackBANK1  0001EE
display_config_values@row            cstackBANK1  0001ED
display_config_values@start          cstackBANK1  0001EC
end_of_initialization                cinit        0043CE
hal_UART_Write_Cmd@datos             cstackCOMRAM 000009
hal_UART_Write_Cmd@i                 cstackCOMRAM 00000B
hal_UART_Write_Cmd@longitudDatos     cstackCOMRAM 00000A
int$flags                            (abs)        000001
int_func                             intcode_body 003488
intlevel0                            text         000000
intlevel1                            text         000000
intlevel2                            text         000000
intlevel3                            text         000000
is_space@c                           cstackCOMRAM 000007
isa$std                              (abs)        000001
isa$xinst                            (abs)        000000
main@_mdb_link_state                 cstackBANK0  0000F4
main@_tmp                            cstackBANK0  0000EA
main@k                               cstackBANK0  0000F5
main@k_1080                          cstackBANK0  0000F6
main@k_1081                          cstackBANK0  0000F7
memmove@c                            cstackCOMRAM 000023
memmove@d                            cstackCOMRAM 000027
memmove@d1                           cstackCOMRAM 00000A
memmove@n                            cstackCOMRAM 00000E
memmove@s                            cstackCOMRAM 000024
memmove@s1                           cstackCOMRAM 00000C
memset@c                             cstackCOMRAM 000008
memset@dest                          cstackCOMRAM 000006
memset@n                             cstackCOMRAM 00000A
memset@p                             cstackCOMRAM 00000C
stackhi                              (abs)        000000
stacklo                              (abs)        000000
start                                init         00000E
start_initialization                 cinit        00436E
strlen@a                             cstackCOMRAM 000008
strlen@s                             cstackCOMRAM 000006
strncpy@cp                           cstackCOMRAM 000010
strncpy@d                            cstackCOMRAM 00000A
strncpy@n                            cstackCOMRAM 00000D
strncpy@s                            cstackCOMRAM 00000C


MODULE INFORMATION

Module		Function		Class		Link	Load	Size
sources/Utils.c
		_Ltrim         		CODE           	3DA6	0000	134
		_UInt16ToStr   		CODE           	36E4	0000	194
		_PadLeft       		CODE           	3620	0000	196
		_Rtrim         		CODE           	3EB0	0000	132
		_ByteToHex     		CODE           	45D4	0000	94
		_Trim          		CODE           	4E6E	0000	48
		_is_space      		CODE           	4744	0000	84
		_IntToStr      		CODE           	3098	0000	264

sources/Utils.c estimated size: 1146

C:\Program Files\Microchip\xc8\v3.10\pic\sources\c99\common\lwmod.c
		___lwmod       		CODE           	44B2	0000	100

C:\Program Files\Microchip\xc8\v3.10\pic\sources\c99\common\lwmod.c estimated size: 100

sources/config_model.c
		_ConfigModel_Save		CODE           	5300	0000	6
		_ConfigModel_Init		CODE           	5312	0000	6
		_ConfigModel_Get		CODE           	3B52	0000	166
		_ConfigModel_Set		CODE           	3F34	0000	130

sources/config_model.c estimated size: 308

C:\Program Files\Microchip\xc8\v3.10\pic\sources\c99\common\awmod.c
		___awmod       		CODE           	3AA4	0000	174

C:\Program Files\Microchip\xc8\v3.10\pic\sources\c99\common\awmod.c estimated size: 174

sources/Timers.c
		_TimerNB_Start 		CODE           	4B48	0000	74
		_Millis        		CODE           	4F9E	0000	38
		_TimerNB_Expired		CODE           	3C8E	0000	146

sources/Timers.c estimated size: 258

sources/settings.c
		_Timer0_Init   		CODE           	50D8	0000	30
		_UART_Init_9600_9bit		CODE           	4FC4	0000	36
		_Timer1_Init   		CODE           	5248	0000	16
		_UART1_Init    		CODE           	51CA	0000	22
		_GPIO_Init     		CODE           	4BDA	0000	70

sources/settings.c estimated size: 174

sources/UI.c
		_LCD_Write_Credit		CODE           	4E08	0000	52
		_UI_GetState   		CODE           	4516	0000	96
		_UI_Dispatch   		CODE           	355A	0000	198
		_FSM_UI_GetState		CODE           	5318	0000	4
		_UI_Init       		CODE           	5222	0000	20
		_UI_View_Task  		CODE           	2E56	0000	298
		_UI_Ctrl_Task  		CODE           	5328	0000	2
		_UI_Show_MDB_Rx_Line4		CODE           	3BF8	0000	150

sources/UI.c estimated size: 820

sources/MDB_Core.c
		_MDB_Core_FrameAvailable		CODE           	52E2	0000	6
		_close_frame   		CODE           	4DD2	0000	54
		_MDB_Core_Task 		CODE           	32A6	0000	244
		_MDB_Core_Init 		CODE           	52C4	0000	8
		_MDB_Core_GetFrame		CODE           	4F50	0000	40
		_MDB_Core_ReleaseFrame		CODE           	52DC	0000	6

sources/MDB_Core.c estimated size: 358

sources/eeprom_hw.c
		_EEPROM_Read   		CODE           	5274	0000	14
		_EEPROM_Write  		CODE           	4A18	0000	78

sources/eeprom_hw.c estimated size: 92

sources/Checksum.c
		_ValidateChecksum		CODE           	4690	0000	92
		_CalculateChecksum		CODE           	497C	0000	78

sources/Checksum.c estimated size: 170

sources/Saldo.c
		_Saldo_Clear   		CODE           	52BA	0000	10
		_Saldo_Init    		CODE           	52A6	0000	10
		_Saldo_CanAfford		CODE           	50BA	0000	30
		_Saldo_Add     		CODE           	529A	0000	12
		_Saldo_Get     		CODE           	52B0	0000	10
		_Saldo_Deduct  		CODE           	5078	0000	34

sources/Saldo.c estimated size: 106

sources/Vend.c
		_StartDispense 		CODE           	37A6	0000	192
		_TransitionTo@Vend$F2005		CODE           	50F6	0000	30
		_FinishDispense		CODE           	4C20	0000	68
		_Vend_Task     		CODE           	2BBA	0000	362
		_Vend_Dispatch 		CODE           	4214	0000	118
		_Vend_Init     		CODE           	5258	0000	14
		_Vend_GetState 		CODE           	4576	0000	94

sources/Vend.c estimated size: 878

sources/dispatcher.c
		_Queue_IsFull  		CODE           	514C	0000	28
		_Queue_IsEmpty 		CODE           	51B2	0000	24
		_NextIndex     		CODE           	52CC	0000	8
		_Dispatcher_Handle		CODE           	2722	0000	420
		_Dispatcher_Task		CODE           	4B92	0000	72
		_Dispatcher_Init		CODE           	52FA	0000	6
		_Dispatcher_Post		CODE           	444A	0000	104

sources/dispatcher.c estimated size: 662

sources/LCD_Hal.c
		_LCD_HAL_SendCommand		CODE           	51F6	0000	22
		_LCD_SendNibble		CODE           	4126	0000	120
		_LCD_HAL_Init  		CODE           	419E	0000	118
		_LCD_HAL_SendData		CODE           	51E0	0000	22
		_LCD_PulseEN   		CODE           	5236	0000	18

sources/LCD_Hal.c estimated size: 300

sources/UART_HAL.c
		_hal_UART_SendACK		CODE           	5282	0000	12
		_hal_UART_Write_Cmd		CODE           	4A66	0000	76
		_UART_Write9   		CODE           	4D9C	0000	54

sources/UART_HAL.c estimated size: 142

C:\Program Files\Microchip\xc8\v3.10\pic\sources\c99\common\lwdiv.c
		___lwdiv       		CODE           	42FC	0000	114

C:\Program Files\Microchip\xc8\v3.10\pic\sources\c99\common\lwdiv.c estimated size: 114

C:\Program Files\Microchip\xc8\v3.10\pic\sources\c99\common\awdiv.c
		___awdiv       		CODE           	3926	0000	192

C:\Program Files\Microchip\xc8\v3.10\pic\sources\c99\common\awdiv.c estimated size: 192

sources/Buttons.c
		_Buttons_Task  		CODE           	174E	0000	1166
		_Buttons_Init  		CODE           	3866	0000	192
		_BtnD1_IsPressed		CODE           	530C	0000	6
		_BtnD2_IsPressed		CODE           	5306	0000	6

sources/Buttons.c estimated size: 1370

sources/datos_venta.c
		_DatosVenta_SetPrecio1		CODE           	5054	0000	36
		_DatosVenta_SetPrecio2		CODE           	5030	0000	36
		_DatosVenta_LoadDefaults		CODE           	4EFA	0000	44
		_EEPROM_ReadBlock		CODE           	4CEA	0000	62
		_DatosVenta_Valid		CODE           	4032	0000	122
		_EEPROM_WriteBlock		CODE           	4C64	0000	68
		_DatosVenta_IncContador2		CODE           	5114	0000	28
		_DatosVenta_Get		CODE           	5324	0000	4
		_DatosVenta_SetTiempo1		CODE           	500C	0000	36
		_DatosVenta_SetTiempo2		CODE           	4FE8	0000	36
		_DatosVenta_IncContador1		CODE           	5130	0000	28
		_DatosVenta_Save		CODE           	4E9E	0000	46
		_DatosVenta_Init		CODE           	40AC	0000	122

sources/datos_venta.c estimated size: 668

sources/Program.c
		_ISR           		CODE           	0008	0000	216
		_main          		CODE           	2370	0000	502

sources/Program.c estimated size: 718

sources/UI_Config.c
		_LCD_Config_View_Task		CODE           	4F26	0000	42
		_display_config_values		CODE           	1EE6	0000	636
		_SaveConfig    		CODE           	488C	0000	80
		_LoadConfig    		CODE           	4AB2	0000	76
		_ButtonRepeat  		CODE           	2566	0000	444
		_UI_Config_Init		CODE           	4ECC	0000	46
		_UI_Config_Contrl_Task		CODE           	1BDC	0000	778

sources/UI_Config.c estimated size: 2102

sources/UART.c
		_UART_Helper_Flush		CODE           	52F4	0000	6
		_UART_Helper_Read		CODE           	4AFE	0000	74
		_UART_Helper_BytesAvailable		CODE           	519A	0000	24
		_UART_Helper_Init		CODE           	531C	0000	4

sources/UART.c estimated size: 108

shared
		MDBLinkSendCommand@F3831		SMALLCONST     	0812	0000	7
		MDBLinkSendCommand@F3823		SMALLCONST     	082B	0000	2
		MDBLinkSendCommand@F3829		SMALLCONST     	0828	0000	3
		ByteToHex@hex_chars		SMALLCONST     	0801	0000	17
		MDBLinkSendCommand@F3833		SMALLCONST     	0825	0000	3
		__initialization		CODE           	436E	0000	96
		MDBLinkSendCommand@F3825		SMALLCONST     	081F	0000	6
		MDBLinkSendCommand@F3817		SMALLCONST     	0831	0000	2
		MDBLinkSendCommand@F3821		SMALLCONST     	082D	0000	2
		MDBLinkSendCommand@F3827		SMALLCONST     	0819	0000	6
		MDBLinkSendCommand@F3819		SMALLCONST     	082F	0000	2
		_ui_params     		SMALLCONST     	0833	0000	32

shared estimated size: 178

sources/Global.c
		_Global_Dispatch		CODE           	2D24	0000	306
		_Global_GetState		CODE           	4632	0000	94
		_Global_Init   		CODE           	528E	0000	12
		_TransitionTo@Global$F1642		CODE           	3E2C	0000	132

sources/Global.c estimated size: 544

sources/Credit.c
		_Credit_Dispatch		CODE           	2F80	0000	280
		_Credit_GetState		CODE           	4CA8	0000	66
		_TouchActivity 		CODE           	520C	0000	22
		_Credit_Task   		CODE           	46EC	0000	88
		_Credit_Init   		CODE           	52D4	0000	8
		_TransitionTo  		CODE           	3FB6	0000	124
		_RequestRefund 		CODE           	4E3C	0000	50

sources/Credit.c estimated size: 638

sources/MDB_Link.c
		_ParsePoll     		CODE           	2A46	0000	372
		_TransitionTo@MDB_Link$F1735		CODE           	4F78	0000	38
		_MDBSendACK    		CODE           	52E8	0000	6
		_MDB_Link_Task 		CODE           	08F4	0000	3674
		_MDB_Link_Init 		CODE           	5168	0000	26
		_MDB_Link_To_PC		CODE           	43DC	0000	110
		_MDB_Link_Dispatch		CODE           	428A	0000	114
		_MDB_Link_GetState		CODE           	52EE	0000	6
		_MDBLinkSendCommand		CODE           	2162	0000	526
		_MDB_Link_Log_TX		CODE           	4D28	0000	60
		_MDB_SendCommand_Refund		CODE           	4798	0000	82

sources/MDB_Link.c estimated size: 5014

C:\Program Files\Microchip\xc8\v3.10\pic\sources\c99\common\strlen.c
		_strlen        		CODE           	49CA	0000	78

C:\Program Files\Microchip\xc8\v3.10\pic\sources\c99\common\strlen.c estimated size: 78

C:\Program Files\Microchip\xc8\v3.10\pic\sources\c99\common\memset.c
		_memset        		CODE           	4D64	0000	56

C:\Program Files\Microchip\xc8\v3.10\pic\sources\c99\common\memset.c estimated size: 56

sources/MDB_Status.c
		_UI_MDB_MapStatus		CODE           	339A	0000	238
		_MDB_Status_Clear		CODE           	5182	0000	24

sources/MDB_Status.c estimated size: 262

C:\Program Files\Microchip\xc8\v3.10\pic\sources\c99\common\strncpy.c
		_strncpy       		CODE           	3D20	0000	134

C:\Program Files\Microchip\xc8\v3.10\pic\sources\c99\common\strncpy.c estimated size: 134

sources/LCD_Render.c
		_LCD_FSM_Init  		CODE           	5266	0000	14
		_LCD_Render_Task		CODE           	31A0	0000	262
		_LCD_Clear_Buffer		CODE           	48DC	0000	80
		_LCD_Write_Buffer		CODE           	39E6	0000	190

sources/LCD_Render.c estimated size: 546

C:\Program Files\Microchip\xc8\v3.10\pic\sources\c99\common\memmove.c
		_memmove       		CODE           	28C6	0000	384

C:\Program Files\Microchip\xc8\v3.10\pic\sources\c99\common\memmove.c estimated size: 384

sources/App.c
		_FSM_App_Get_State		CODE           	5320	0000	4
		_App_Task      		CODE           	483C	0000	80
		_App_Dispatch  		CODE           	492C	0000	80
		_App_Init      		CODE           	532A	0000	2
		_App_Controller		CODE           	509A	0000	32
		_App_GetState  		CODE           	47EA	0000	82

sources/App.c estimated size: 280

