Microchip MPLAB XC8 Compiler V3.10

Linker command line:

-W-3 \
  --edf=C:\Program Files\Microchip\xc8\v3.10\pic\dat\20250813170317_en.msgs \
  -cn -h+.ca/dist/Config_2/production\main.production.sym \
  --cmf=.ca/dist/Config_2/production\main.production.cmf -z -Q18F4550 \
  -oC:\Users\Carlos\AppData\Local\Temp\xcAsbmg.0\driver_tmp_3.o \
  --defsym=__MPLAB_BUILD=1 --fixupoverflow=error \
  -M.ca/dist/Config_2/production/main.production.map \
  --md=C:\Users\Carlos\AppData\Local\Temp\xcAsbmg.0\driver_tmp_0.dat -E1 \
  -ver=XC8 Compiler -ACODE=00h-07FFFh -ACONST=00h-07FFFh \
  -ASMALLCONST=0800h-08FFhx120 -AMEDIUMCONST=0800h-07FFFh -ACOMRAM=01h-05Fh \
  -AABS1=00h-07FFh -ABIGRAM=01h-07FFh -ARAM=060h-0FFh,0100h-01FFhx7 \
  -ABANK0=060h-0FFh -ABANK1=0100h-01FFh -ABANK2=0200h-02FFh \
  -ABANK3=0300h-03FFh -ABANK4=0400h-04FFh -ABANK5=0500h-05FFh \
  -ABANK6=0600h-06FFh -ABANK7=0700h-07FFh -ASFR=0F60h-0FFFh \
  -ABIGSFR=0F60h-0FFFh -ACONFIG=0300000h-030000Dh -AIDLOC=0200000h-0200007h \
  -AEEDATA=0F00000h-0F000FFh -peeprom_data=EEDATA \
  -preset_vec=00h,intcode=8h,intcodelo=18h,sivt_lo,sivt_hi=CODE \
  -ppowerup=CODE,init -pramtop=0800h -psmallconst=SMALLCONST \
  -pmediumconst=MEDIUMCONST -pconst=CONST -AFARRAM=00h-00h \
  -prdata=COMRAM,nvrram=COMRAM,nvbit=COMRAM,rbss=COMRAM,rbit=COMRAM \
  -pfarbss=FARRAM,fardata=FARRAM,nvFARRAM=FARRAM \
  -pintsave_regs=BIGRAM,bigbss=BIGRAM,bigdata=BIGRAM -pbss=RAM \
  -pidata=CODE,irdata=CODE,ibigdata=CODE,ifardata=CODE -prparam=COMRAM \
  C:\Users\Carlos\AppData\Local\Temp\xcAsbmg.0\driver_tmp_9.o \
  .ca/dist/Config_2/production\main.production.o 

Object code version is 3.11

Machine type is 18F4550



                Name                               Link     Load   Length Selector   Space Scale
C:\Users\Carlos\AppData\Local\Temp\xcAsbmg.0\driver_tmp_9.o
                config                           300000   300000        E        0       4
                init                                  E        E        4        4       0
                reset_vec                             0        0        4        0       0
.ca/dist/Config_2/production\main.production.o
                intcode                               8        8        6        4       0
                config                           300000   300000        E        0       4
                smallconst                          800      800       F4      400       0
                intcode_body                       2DA4     2DA4       90      47A       0
                text136                            3E26     3E26       2C      47A       0
                text135                            41BE     41BE        E      47A       0
                text134                            3D14     3D14       32      47A       0
                text133                            3B98     3B98       3A      47A       0
                text132                            3C0A     3C0A       38      47A       0
                text131                            321A     321A       6E      47A       0
                text130                            4260     4260        6      47A       0
                text129                            427E     427E        4      47A       0
                text128                            2EC2     2EC2       88      47A       0
                text127                            3A22     3A22       42      47A       0
                text126                            3EF4     3EF4       26      47A       0
                text125                            2C82     2C82       92      47A       0
                text124                            39E0     39E0       42      47A       0
                text123                            2D14     2D14       90      47A       0
                text122                            3E7C     3E7C       2A      47A       0
                text121                            221E     221E      144      47A       0
                text120                            335A     335A       66      47A       0
                text119                            3420     3420       60      47A       0
                text118                            3F86     3F86       22      47A       0
                text117                            3644     3644       50      47A       0
                text116                            399E     399E       42      47A       0
                text115                            2AB2     2AB2       A0      47A       0
                text114                            33C0     33C0       60      47A       0
                text113                            19C4     19C4      20E      47A       0
                text112                            3DFA     3DFA       2C      47A       0
                text111                            4126     4126       14      47A       0
                text110                            427A     427A        4      47A       0
                text109                            3BD2     3BD2       38      47A       0
                text108                            4284     4284        2      47A       0
                text107                            3D74     3D74       2E      47A       0
                text106                            3B22     3B22       3C      47A       0
                text105                            3FC6     3FC6       1C      47A       0
                text104                            4276     4276        4      47A       0
                text103                            4272     4272        4      47A       0
                text102                            1F52     1F52      17E      47A       0
                text101                            3694     3694       4C      47A       0
                text100                            3F62     3F62       24      47A       0
                text99                             425A     425A        6      47A       0
                text98                             408E     408E       18      47A       0
                text97                             4076     4076       18      47A       0
                text96                             405E     405E       18      47A       0
                text95                             4046     4046       18      47A       0
                text94                             32F4     32F4       66      47A       0
                text93                             3890     3890       46      47A       0
                text92                             178A     178A      23A      47A       0
                text91                             4282     4282        2      47A       0
                text90                             2FCA     2FCA       80      47A       0
                text89                             31AC     31AC       6E      47A       0
                text88                             27DA     27DA       CE      47A       0
                text87                             245A     245A       EC      47A       0
                text86                             3C78     3C78       36      47A       0
                text85                             2E34     2E34       8E      47A       0
                text84                             304A     304A       7C      47A       0
                text83                             372A     372A       4A      47A       0
                text82                             149A     149A      2F0      47A       0
                text81                             3DCE     3DCE       2C      47A       0
                text80                             4212     4212        A      47A       0
                text79                             4234     4234        8      47A       0
                text78                             36E0     36E0       4A      47A       0
                text77                             4208     4208        A      47A       0
                text76                             3EA6     3EA6       28      47A       0
                text75                             41FC     41FC        C      47A       0
                text74                             402E     402E       18      47A       0
                text73                             40E8     40E8       16      47A       0
                text72                             422C     422C        8      47A       0
                text71                             4112     4112       14      47A       0
                text70                             3592     3592       5A      47A       0
                text69                             3538     3538       5A      47A       0
                text68                             270A     270A       D0      47A       0
                text67                             38D6     38D6       44      47A       0
                text66                             4254     4254        6      47A       0
                text65                             3CAE     3CAE       34      47A       0
                text64                             2B52     2B52       9C      47A       0
                text63                             34DE     34DE       5A      47A       0
                text62                             262E     262E       DC      47A       0
                text61                             41AE     41AE       10      47A       0
                text60                             384A     384A       46      47A       0
                text59                             20D0     20D0      14E      47A       0
                text58                             419E     419E       10      47A       0
                text57                             3B5E     3B5E       3A      47A       0
                text56                             3804     3804       46      47A       0
                text55                             3AA4     3AA4       40      47A       0
                text54                             41F0     41F0        C      47A       0
                text53                             41E4     41E4        C      47A       0
                text52                             414C     414C       12      47A       0
                text51                             30C6     30C6       78      47A       0
                text50                             40D2     40D2       16      47A       0
                text49                             3288     3288       6C      47A       0
                text48                             40BC     40BC       16      47A       0
                text47                             2A0A     2A0A       A8      47A       0
                text46                             4224     4224        8      47A       0
                text45                             418E     418E       10      47A       0
                text44                             424E     424E        6      47A       0
                text43                             3AE4     3AE4       3E      47A       0
                text42                             395C     395C       42      47A       0
                text41                             37BC     37BC       48      47A       0
                text40                             3D46     3D46       2E      47A       0
                text39                             2BEE     2BEE       94      47A       0
                text38                             426E     426E        4      47A       0
                text37                             3DA2     3DA2       2C      47A       0
                text36                             3CE2     3CE2       32      47A       0
                text35                             3F3E     3F3E       24      47A       0
                text34                             3C42     3C42       36      47A       0
                text33                             1D92     1D92      1C0      47A       0
                text32                             3ECE     3ECE       26      47A       0
                text31                             3FFC     3FFC       1A      47A       0
                text30                             41D8     41D8        C      47A       0
                text29                             4248     4248        6      47A       0
                text28                             4242     4242        6      47A       0
                text27                             3FE2     3FE2       1A      47A       0
                text26                             423C     423C        6      47A       0
                text25                             3480     3480       5E      47A       0
                text24                             2F4A     2F4A       80      47A       0
                text23                             35EC     35EC       58      47A       0
                text22                             3774     3774       48      47A       0
                text21                             4016     4016       18      47A       0
                text20                             28A8     28A8       B6      47A       0
                text19                             2546     2546       E8      47A       0
                text18                              8F4      8F4      BA6      47A       0
                text17                             421C     421C        8      47A       0
                text16                             3FA8     3FA8       1E      47A       0
                text15                             417E     417E       10      47A       0
                text14                             40A6     40A6       16      47A       0
                text13                             426A     426A        4      47A       0
                text12                             3F1A     3F1A       24      47A       0
                text11                             4266     4266        4      47A       0
                text10                             391A     391A       42      47A       0
                text9                              413A     413A       12      47A       0
                text8                              3A64     3A64       40      47A       0
                text7                              41CC     41CC        C      47A       0
                text6                              416E     416E       10      47A       0
                text5                              415E     415E       10      47A       0
                text4                              3E52     3E52       2A      47A       0
                text3                              40FE     40FE       14      47A       0
                text2                              295E     295E       AC      47A       0
                text1                              2362     2362       F8      47A       0
                text0                              1BD2     1BD2      1C0      47A       0
                cstackCOMRAM                          2        2       47        2       1
                cstackBANK0                          EA       EA        E       60       1
                cstackBANK1                         1D3      1D3       1C      100       1
                bssBANK3                            300      300       A0      300       1
                bssBANK2                            200      200       C4      200       1
                bssBANK1                            100      100       D3      100       1
                dataBANK0                            F8       F8        1       60       1
                bssBANK0                             60       60       8A       60       1
                dataCOMRAM                           59       59        1        2       1
                bssCOMRAM                            49       49       10        2       1
                cinit                              313E     313E       6E      47A       0
                idataBANK0                         4287     4287        1      47A       0
                idataCOMRAM                        4286     4286        1      47A       0

TOTAL           Name                               Link     Load   Length     Space
        CLASS   CODE           
                intcode                               8        8        6         0
                init                                  E        E        4         0
                reset_vec                             0        0        4         0
                intcode_body                       2DA4     2DA4       90         0
                text136                            3E26     3E26       2C         0
                text135                            41BE     41BE        E         0
                text134                            3D14     3D14       32         0
                text133                            3B98     3B98       3A         0
                text132                            3C0A     3C0A       38         0
                text131                            321A     321A       6E         0
                text130                            4260     4260        6         0
                text129                            427E     427E        4         0
                text128                            2EC2     2EC2       88         0
                text127                            3A22     3A22       42         0
                text126                            3EF4     3EF4       26         0
                text125                            2C82     2C82       92         0
                text124                            39E0     39E0       42         0
                text123                            2D14     2D14       90         0
                text122                            3E7C     3E7C       2A         0
                text121                            221E     221E      144         0
                text120                            335A     335A       66         0
                text119                            3420     3420       60         0
                text118                            3F86     3F86       22         0
                text117                            3644     3644       50         0
                text116                            399E     399E       42         0
                text115                            2AB2     2AB2       A0         0
                text114                            33C0     33C0       60         0
                text113                            19C4     19C4      20E         0
                text112                            3DFA     3DFA       2C         0
                text111                            4126     4126       14         0
                text110                            427A     427A        4         0
                text109                            3BD2     3BD2       38         0
                text108                            4284     4284        2         0
                text107                            3D74     3D74       2E         0
                text106                            3B22     3B22       3C         0
                text105                            3FC6     3FC6       1C         0
                text104                            4276     4276        4         0
                text103                            4272     4272        4         0
                text102                            1F52     1F52      17E         0
                text101                            3694     3694       4C         0
                text100                            3F62     3F62       24         0
                text99                             425A     425A        6         0
                text98                             408E     408E       18         0
                text97                             4076     4076       18         0
                text96                             405E     405E       18         0
                text95                             4046     4046       18         0
                text94                             32F4     32F4       66         0
                text93                             3890     3890       46         0
                text92                             178A     178A      23A         0
                text91                             4282     4282        2         0
                text90                             2FCA     2FCA       80         0
                text89                             31AC     31AC       6E         0
                text88                             27DA     27DA       CE         0
                text87                             245A     245A       EC         0
                text86                             3C78     3C78       36         0
                text85                             2E34     2E34       8E         0
                text84                             304A     304A       7C         0
                text83                             372A     372A       4A         0
                text82                             149A     149A      2F0         0
                text81                             3DCE     3DCE       2C         0
                text80                             4212     4212        A         0
                text79                             4234     4234        8         0
                text78                             36E0     36E0       4A         0
                text77                             4208     4208        A         0
                text76                             3EA6     3EA6       28         0
                text75                             41FC     41FC        C         0
                text74                             402E     402E       18         0
                text73                             40E8     40E8       16         0
                text72                             422C     422C        8         0
                text71                             4112     4112       14         0
                text70                             3592     3592       5A         0
                text69                             3538     3538       5A         0
                text68                             270A     270A       D0         0
                text67                             38D6     38D6       44         0
                text66                             4254     4254        6         0
                text65                             3CAE     3CAE       34         0
                text64                             2B52     2B52       9C         0
                text63                             34DE     34DE       5A         0
                text62                             262E     262E       DC         0
                text61                             41AE     41AE       10         0
                text60                             384A     384A       46         0
                text59                             20D0     20D0      14E         0
                text58                             419E     419E       10         0
                text57                             3B5E     3B5E       3A         0
                text56                             3804     3804       46         0
                text55                             3AA4     3AA4       40         0
                text54                             41F0     41F0        C         0
                text53                             41E4     41E4        C         0
                text52                             414C     414C       12         0
                text51                             30C6     30C6       78         0
                text50                             40D2     40D2       16         0
                text49                             3288     3288       6C         0
                text48                             40BC     40BC       16         0
                text47                             2A0A     2A0A       A8         0
                text46                             4224     4224        8         0
                text45                             418E     418E       10         0
                text44                             424E     424E        6         0
                text43                             3AE4     3AE4       3E         0
                text42                             395C     395C       42         0
                text41                             37BC     37BC       48         0
                text40                             3D46     3D46       2E         0
                text39                             2BEE     2BEE       94         0
                text38                             426E     426E        4         0
                text37                             3DA2     3DA2       2C         0
                text36                             3CE2     3CE2       32         0
                text35                             3F3E     3F3E       24         0
                text34                             3C42     3C42       36         0
                text33                             1D92     1D92      1C0         0
                text32                             3ECE     3ECE       26         0
                text31                             3FFC     3FFC       1A         0
                text30                             41D8     41D8        C         0
                text29                             4248     4248        6         0
                text28                             4242     4242        6         0
                text27                             3FE2     3FE2       1A         0
                text26                             423C     423C        6         0
                text25                             3480     3480       5E         0
                text24                             2F4A     2F4A       80         0
                text23                             35EC     35EC       58         0
                text22                             3774     3774       48         0
                text21                             4016     4016       18         0
                text20                             28A8     28A8       B6         0
                text19                             2546     2546       E8         0
                text18                              8F4      8F4      BA6         0
                text17                             421C     421C        8         0
                text16                             3FA8     3FA8       1E         0
                text15                             417E     417E       10         0
                text14                             40A6     40A6       16         0
                text13                             426A     426A        4         0
                text12                             3F1A     3F1A       24         0
                text11                             4266     4266        4         0
                text10                             391A     391A       42         0
                text9                              413A     413A       12         0
                text8                              3A64     3A64       40         0
                text7                              41CC     41CC        C         0
                text6                              416E     416E       10         0
                text5                              415E     415E       10         0
                text4                              3E52     3E52       2A         0
                text3                              40FE     40FE       14         0
                text2                              295E     295E       AC         0
                text1                              2362     2362       F8         0
                text0                              1BD2     1BD2      1C0         0
                cinit                              313E     313E       6E         0
                idataBANK0                         4287     4287        1         0
                idataCOMRAM                        4286     4286        1         0

        CLASS   CONST          

        CLASS   SMALLCONST     
                smallconst                          800      800       F4         0

        CLASS   MEDIUMCONST    

        CLASS   COMRAM         
                cstackCOMRAM                          2        2       47         1
                dataCOMRAM                           59       59        1         1
                bssCOMRAM                            49       49       10         1

        CLASS   ABS1           
                abs_s1                                1        1        1         1

        CLASS   BIGRAM         

        CLASS   RAM            

        CLASS   BANK0          
                cstackBANK0                          EA       EA        E         1
                dataBANK0                            F8       F8        1         1
                bssBANK0                             60       60       8A         1

        CLASS   BANK1          
                cstackBANK1                         1D3      1D3       1C         1
                bssBANK1                            100      100       D3         1

        CLASS   BANK2          
                bssBANK2                            200      200       C4         1

        CLASS   BANK3          
                bssBANK3                            300      300       A0         1

        CLASS   BANK4          

        CLASS   BANK5          

        CLASS   BANK6          

        CLASS   BANK7          

        CLASS   SFR            

        CLASS   BIGSFR         

        CLASS   CONFIG         
                config                           300000   300000        E         4

        CLASS   IDLOC          

        CLASS   EEDATA         

        CLASS   FARRAM         

        CLASS   HEAP           

        CLASS   STACK          



SEGMENTS        Name                           Load    Length   Top    Selector   Space  Class

                reset_vec                      000000  000004  000004         0       0  CODE    
                cstackCOMRAM                   000002  000058  00005A         2       1  COMRAM  
                intcode                        000008  00000A  000012         4       0  CODE    
                bssBANK0                       000060  000099  0000F9        60       1  BANK0   
                bssBANK1                       000100  0000EF  0001EF       100       1  BANK1   
                bssBANK2                       000200  0000C4  0002C4       200       1  BANK2   
                bssBANK3                       000300  0000A0  0003A0       300       1  BANK3   
                smallconst                     000800  0000F4  0008F4       400       0  SMALLCON
                text18                         0008F4  003994  004288       47A       0  CODE    


UNUSED ADDRESS RANGES

        Name                Unused          Largest block    Delta
        BANK0            0000F9-0000FF                7
        BANK1            0001EF-0001FF               11
        BANK2            0002C4-0002FF               3C
        BANK3            0003A0-0003FF               60
        BANK4            000400-0004FF              100
        BANK5            000500-0005FF              100
        BANK6            000600-0006FF              100
        BANK7            000700-0007FF              100
        BIGRAM           00005A-00005F                6
                         0000F9-0000FF                7
                         0001EF-0001FF               11
                         0002C4-0002FF               3C
                         0003A0-0007FF              460
        BIGSFR           000F60-000FFF               A0
        CODE             000004-000007                4
                         000012-0007FF              7EE
                         004288-007FFF             3D78
        COMRAM           00005A-00005F                6
        CONST            000004-000007                4
                         000012-0007FF              7EE
                         004288-007FFF             3D78
        EEDATA           F00000-F000FF              100
        IDLOC            200000-200007                8
        MEDIUMCONST      004288-007FFF             3D78
        RAM              0000F9-0000FF                7
                         0001EF-0001FF               11
                         0002C4-0002FF               3C
                         0003A0-0007FF              100
        SFR              000F60-000FFF               A0
        SMALLCONST       004288-007FFF              100

                                  Symbol Table

?_ConfigModel_Get                    cstackCOMRAM 000008
?_MDB_Core_GetFrame                  cstackCOMRAM 000006
?_Millis                             cstackCOMRAM 000006
?_Saldo_Get                          cstackCOMRAM 000006
?___awdiv                            cstackCOMRAM 000006
?___awmod                            cstackCOMRAM 000006
?___lwdiv                            cstackCOMRAM 000006
?___lwmod                            cstackCOMRAM 000006
?_strlen                             cstackCOMRAM 000006
App_Dispatch@evt                     cstackCOMRAM 000008
ButtonRepeat@now                     cstackCOMRAM 00001E
ButtonRepeat@period                  cstackCOMRAM 000017
ButtonRepeat@pressed                 cstackCOMRAM 00001B
ButtonRepeat@r                       cstackCOMRAM 00000E
Buttons_Task@ra0                     cstackCOMRAM 000020
Buttons_Task@ra1                     cstackCOMRAM 000021
Buttons_Task@ra2                     cstackCOMRAM 000022
Buttons_Task@rd0                     cstackCOMRAM 000025
Buttons_Task@rd1                     cstackCOMRAM 000023
Buttons_Task@rd2                     cstackCOMRAM 000024
ByteToHex@buf                        cstackCOMRAM 000006
ByteToHex@hex_chars                  smallconst   000801
ByteToHex@value                      cstackCOMRAM 000009
CalculateChecksum@checksum           cstackCOMRAM 00000E
CalculateChecksum@i                  cstackCOMRAM 00000F
CalculateChecksum@n                  cstackCOMRAM 000008
CalculateChecksum@tdata              cstackCOMRAM 000006
ConfigModel_Get@d                    cstackCOMRAM 00000D
ConfigModel_Get@id                   cstackCOMRAM 00000C
ConfigModel_Set@id                   cstackCOMRAM 00000C
ConfigModel_Set@value                cstackCOMRAM 000008
Credit_Dispatch@evt                  cstackCOMRAM 000014
Credit_Dispatch@value                cstackCOMRAM 000010
DatosVenta_Init@magic                cstackCOMRAM 000011
DatosVenta_SetPrecio1@v              cstackCOMRAM 000006
DatosVenta_SetPrecio2@v              cstackCOMRAM 000006
DatosVenta_SetTiempo1@v              cstackCOMRAM 000006
DatosVenta_SetTiempo2@v              cstackCOMRAM 000006
DatosVenta_Valid@d                   cstackCOMRAM 000006
Dispatcher_Handle@e                  cstackCOMRAM 00003B
Dispatcher_Post@evt                  cstackCOMRAM 000008
Dispatcher_Post@param                cstackCOMRAM 00000A
Dispatcher_Post@src                  cstackCOMRAM 00000C
Dispatcher_Task@evt                  cstackCOMRAM 00003E
EEPROM_Read@address                  cstackCOMRAM 000006
EEPROM_ReadBlock@addr                cstackCOMRAM 000008
EEPROM_ReadBlock@dst                 cstackCOMRAM 00000A
EEPROM_ReadBlock@len                 cstackCOMRAM 00000B
EEPROM_ReadBlock@p                   cstackCOMRAM 00000D
EEPROM_Write@address                 cstackCOMRAM 000006
EEPROM_Write@data                    cstackCOMRAM 000008
EEPROM_Write@gie                     cstackCOMRAM 00000A
EEPROM_Write@wait                    cstackCOMRAM 000009
EEPROM_WriteBlock@addr               cstackCOMRAM 00000B
EEPROM_WriteBlock@len                cstackCOMRAM 00000E
EEPROM_WriteBlock@p                  cstackCOMRAM 000010
EEPROM_WriteBlock@src                cstackCOMRAM 00000D
Global_Dispatch@evt                  cstackCOMRAM 00003A
ISR@dato                             cstackCOMRAM 000005
ISR@mode                             cstackCOMRAM 000004
IntToStr@i                           cstackCOMRAM 00001B
IntToStr@j                           cstackCOMRAM 00001A
IntToStr@neg                         cstackCOMRAM 000019
IntToStr@str                         cstackCOMRAM 000010
IntToStr@tmp                         cstackCOMRAM 000012
IntToStr@value                       cstackCOMRAM 00000E
LCD_Clear_Buffer@i                   cstackCOMRAM 000008
LCD_Clear_Buffer@j                   cstackCOMRAM 000009
LCD_HAL_Init@i                       cstackCOMRAM 00000B
LCD_HAL_SendCommand@cmd              cstackCOMRAM 000008
LCD_HAL_SendData@data                cstackCOMRAM 000008
LCD_Render_Task@addr                 cstackCOMRAM 00000B
LCD_SendNibble@n                     cstackCOMRAM 000007
LCD_Write_Buffer@cc                  cstackCOMRAM 000010
LCD_Write_Buffer@col                 cstackCOMRAM 00000A
LCD_Write_Buffer@row                 cstackCOMRAM 000011
LCD_Write_Buffer@rr                  cstackCOMRAM 00000F
LCD_Write_Buffer@str                 cstackCOMRAM 00000B
LCD_Write_Credit@value               cstackCOMRAM 000030
LoadConfig@i                         cstackCOMRAM 000010
Ltrim@p                              cstackCOMRAM 00002C
Ltrim@s                              cstackCOMRAM 00002A
MDBLinkSendCommand@F3817             smallconst   000831
MDBLinkSendCommand@F3819             smallconst   00082F
MDBLinkSendCommand@F3821             smallconst   00082D
MDBLinkSendCommand@F3823             smallconst   00082B
MDBLinkSendCommand@F3825             smallconst   00081F
MDBLinkSendCommand@F3827             smallconst   000819
MDBLinkSendCommand@F3829             smallconst   000828
MDBLinkSendCommand@F3831             smallconst   000812
MDBLinkSendCommand@F3833             smallconst   000825
MDBLinkSendCommand@cmd               cstackCOMRAM 00002B
MDBLinkSendCommand@cmd_1872          cstackCOMRAM 00002D
MDBLinkSendCommand@cmd_1874          cstackCOMRAM 00002F
MDBLinkSendCommand@cmd_1876          cstackCOMRAM 000031
MDBLinkSendCommand@cmd_1878          cstackCOMRAM 000019
MDBLinkSendCommand@cmd_1880          cstackCOMRAM 00001F
MDBLinkSendCommand@cmd_1882          cstackCOMRAM 000025
MDBLinkSendCommand@cmd_1884          cstackCOMRAM 000012
MDBLinkSendCommand@cmd_1886          cstackCOMRAM 000028
MDBLinkSendCommand@command           cstackCOMRAM 000036
MDBLinkSendCommand@lenLog            cstackCOMRAM 000033
MDBLinkSendCommand@subCommand        cstackCOMRAM 000011
MDB_Core_Task@bit9                   cstackCOMRAM 00001C
MDB_Core_Task@byte                   cstackCOMRAM 00001D
MDB_Link_Dispatch@evt                cstackCOMRAM 00000A
MDB_Link_Dispatch@value              cstackCOMRAM 000006
MDB_Link_Log_TX@cmd                  cstackCOMRAM 000010
MDB_Link_Log_TX@len                  cstackCOMRAM 00000F
MDB_Link_Log_TX@sub                  cstackCOMRAM 00000E
MDB_Link_Task@CoinTypeDeposited      cstackCOMRAM 000041
MDB_Link_Task@CoinValue              cstackCOMRAM 00003C
MDB_Link_Task@credit                 cstackCOMRAM 00003E
MDB_Link_Task@evt                    cstackCOMRAM 000040
MDB_Link_Task@f                      cstackCOMRAM 000046
MDB_Link_Task@i                      cstackCOMRAM 000043
MDB_Link_Task@i_1907                 cstackCOMRAM 000044
MDB_Link_Task@k                      cstackCOMRAM 000045
MDB_Link_Task@temp                   cstackCOMRAM 00003A
MDB_Link_To_PC@dta                   cstackCOMRAM 00001D
MDB_Link_To_PC@i                     cstackCOMRAM 000020
MDB_Link_To_PC@len                   cstackCOMRAM 00001F
MDB_SendCommand_Refund@cmd           cstackCOMRAM 000013
MDB_SendCommand_Refund@monedas       cstackCOMRAM 000012
MDB_SendCommand_Refund@value         cstackCOMRAM 000010
Millis@current                       cstackCOMRAM 00000A
NextIndex@idx                        cstackCOMRAM 000006
PadLeft@currentLen                   cstackCOMRAM 000016
PadLeft@i                            cstackCOMRAM 000017
PadLeft@i_1362                       cstackCOMRAM 000015
PadLeft@len                          cstackCOMRAM 00000C
PadLeft@offset                       cstackCOMRAM 000014
PadLeft@padChar                      cstackCOMRAM 00000D
PadLeft@str                          cstackCOMRAM 00000A
ParsePoll@buf                        cstackCOMRAM 000007
ParsePoll@i                          cstackCOMRAM 00000E
ParsePoll@len                        cstackCOMRAM 000009
RequestRefund@credit                 cstackCOMRAM 00000B
Rtrim@len                            cstackCOMRAM 00000E
Rtrim@s                              cstackCOMRAM 00000A
Saldo_Add@amount                     cstackCOMRAM 000006
Saldo_CanAfford@price                cstackCOMRAM 000006
Saldo_Deduct@price                   cstackCOMRAM 000006
SaveConfig@i                         cstackCOMRAM 000013
StartDispense@dv                     cstackCOMRAM 000018
StartDispense@prod                   cstackCOMRAM 000017
TimerNB_Expired@t                    cstackCOMRAM 00000E
TimerNB_Start@ms                     cstackCOMRAM 000010
TimerNB_Start@t                      cstackCOMRAM 00000E
TransitionTo@Global$F1642@next       cstackCOMRAM 000037
TransitionTo@MDB_Link$F1735@delay_ms cstackCOMRAM 000014
TransitionTo@MDB_Link$F1735@next     cstackCOMRAM 000016
TransitionTo@Vend$F2005@next         cstackCOMRAM 000006
TransitionTo@next                    cstackCOMRAM 00000F
Trim@s                               cstackCOMRAM 00002E
UART1_Init@baud                      cstackCOMRAM 000006
UART_Helper_Read@bit9                cstackCOMRAM 000007
UART_Helper_Read@byte                cstackCOMRAM 000006
UART_Write9@data                     cstackCOMRAM 000008
UART_Write9@mode                     cstackCOMRAM 000006
UI_Config_Contrl_Task@down           cstackCOMRAM 00002B
UI_Config_Contrl_Task@p              cstackCOMRAM 00002C
UI_Config_Contrl_Task@p_2728         cstackCOMRAM 00002D
UI_Config_Contrl_Task@up             cstackCOMRAM 00002A
UI_Dispatch@evt                      cstackCOMRAM 000034
UI_MDB_MapStatus@status_code         cstackCOMRAM 000006
UI_Show_MDB_Rx_Line4@col             cstackCOMRAM 00001C
UI_Show_MDB_Rx_Line4@hex             cstackCOMRAM 000017
UI_Show_MDB_Rx_Line4@i               cstackCOMRAM 00001B
UI_Show_MDB_Rx_Line4@len             cstackCOMRAM 000016
UI_Show_MDB_Rx_Line4@rx              cstackCOMRAM 000014
UI_Show_MDB_Rx_Line4@tx              cstackCOMRAM 000012
UInt16ToStr@i                        cstackCOMRAM 000017
UInt16ToStr@j                        cstackCOMRAM 000016
UInt16ToStr@str                      cstackCOMRAM 00000F
UInt16ToStr@tmp                      cstackCOMRAM 000011
UInt16ToStr@value                    cstackCOMRAM 00000D
ValidateChecksum@calculated          cstackCOMRAM 000015
ValidateChecksum@n                   cstackCOMRAM 000012
ValidateChecksum@received            cstackCOMRAM 000016
ValidateChecksum@tdata               cstackCOMRAM 000010
Vend_Dispatch@evt                    cstackCOMRAM 000009
Vend_Task@dv                         cstackCOMRAM 00001E
_ADCON1                              (abs)        000FC1
_App_Controller                      text111      004126
_App_Dispatch                        text107      003D74
_App_GetState                        text109      003BD2
_App_Init                            text108      004284
_App_Task                            text86       003C78
_BAUDCONbits                         (abs)        000FB8
_BtnA0_Event                         bssBANK0     0000A1
_BtnA1_Event                         bssBANK0     0000A0
_BtnA2_Event                         bssBANK0     00009F
_BtnD0_Event                         bssBANK0     0000A7
_BtnD0_LongEvent                     bssBANK0     0000A8
_BtnD1_Event                         bssBANK0     00009D
_BtnD1_IsPressed                     text104      004276
_BtnD2_Event                         bssBANK0     00009C
_BtnD2_IsPressed                     text103      004272
_ButtonRepeat                        text102      001F52
_ButtonRepeat$2714                   cstackCOMRAM 00001C
_Buttons_Init                        text85       002E34
_Buttons_Task                        text82       00149A
_ByteToHex                           text25       003480
_CMCON                               (abs)        000FB4
_CalculateChecksum                   text42       00395C
_ConfigModel_Get                     text128      002EC2
_ConfigModel_Init                    text130      004260
_ConfigModel_Save                    text99       00425A
_ConfigModel_Set                     text94       0032F4
_Credit_Dispatch                     text68       00270A
_Credit_GetState                     text81       003DCE
_Credit_Init                         text79       004234
_Credit_Task                         text67       0038D6
_DatosVenta_Get                      text129      00427E
_DatosVenta_IncContador1             text6        00416E
_DatosVenta_IncContador2             text5        00415E
_DatosVenta_Init                     text131      00321A
_DatosVenta_LoadDefaults             text136      003E26
_DatosVenta_Save                     text100      003F62
_DatosVenta_SetPrecio1               text98       00408E
_DatosVenta_SetPrecio2               text97       004076
_DatosVenta_SetTiempo1               text96       00405E
_DatosVenta_SetTiempo2               text95       004046
_DatosVenta_Valid                    text101      003694
_Dispatcher_Handle                   text59       0020D0
_Dispatcher_Init                     text66       004254
_Dispatcher_Post                     text70       003592
_Dispatcher_Task                     text57       003B5E
_EEADR                               (abs)        000FA9
_EECON1bits                          (abs)        000FA6
_EECON2                              (abs)        000FA7
_EEDATA                              (abs)        000FA8
_EEPROM_Read                         text135      0041BE
_EEPROM_ReadBlock                    text134      003D14
_EEPROM_Write                        text133      003B98
_EEPROM_WriteBlock                   text132      003C0A
_FSM_App_Get_State                   text110      00427A
_FSM_UI_GetState                     text11       004266
_FinishDispense                      text4        003E52
_GPIO_Init                           text56       003804
_Global_Dispatch                     text62       00262E
_Global_GetState                     text55       003AA4
_Global_Init                         text54       0041F0
_INTCON2bits                         (abs)        000FF1
_INTCONbits                          (abs)        000FF2
_IPR1bits                            (abs)        000F9F
_ISR                                 intcode      000008
_IntToStr                            text88       0027DA
_LATB                                (abs)        000F8A
_LATBbits                            (abs)        000F8A
_LCD_Clear_Buffer                    text106      003B22
_LCD_Config_View_Task                text105      003FC6
_LCD_FSM_Init                        text53       0041E4
_LCD_HAL_Init                        text49       003288
_LCD_HAL_SendCommand                 text50       0040D2
_LCD_HAL_SendData                    text48       0040BC
_LCD_PulseEN                         text52       00414C
_LCD_Render_Task                     text47       002A0A
_LCD_SendNibble                      text51       0030C6
_LCD_Write_Buffer                    text125      002C82
_LCD_Write_Credit                    text65       003CAE
_LoadConfig                          text127      003A22
_Ltrim                               text120      00335A
_MDBLinkSendCommand                  text33       001D92
_MDBLinkSendCommand$1888             cstackCOMRAM 000034
_MDBSendACK                          text29       004248
_MDB_Core_FrameAvailable             text28       004242
_MDB_Core_GetFrame                   text27       003FE2
_MDB_Core_Init                       text46       004224
_MDB_Core_ReleaseFrame               text26       00423C
_MDB_Core_Task                       text39       002BEE
_MDB_Link_Dispatch                   text78       0036E0
_MDB_Link_GetState                   text38       00426E
_MDB_Link_Init                       text31       003FFC
_MDB_Link_Log_TX                     text36       003CE2
_MDB_Link_Task                       text18       0008F4
_MDB_Link_Task$1905                  cstackCOMRAM 000042
_MDB_Link_To_PC                      text23       0035EC
_MDB_SendCommand_Refund              text22       003774
_MDB_Status_Clear                    text21       004016
_Millis                              text126      003EF4
_NB_EXPFEATURETimeOut                bssBANK1     00019D
_NB_EXPIDTimeOut                     bssBANK1     0001A6
_NB_EXP_DIAG_TimeOut                 bssBANK1     000139
_NB_EnableCoinsTimeOut               bssBANK0     0000E1
_NB_JustResetTimeout                 bssBANK1     0001B8
_NB_PollTimeOut                      bssBANK1     00018B
_NB_ResetTimeOut                     bssBANK1     0001C1
_NB_SetupTimeOut                     bssBANK1     0001AF
_NB_TubeStatusTimeOut                bssBANK1     000194
_NextIndex                           text72       00422C
_PIE1bits                            (abs)        000F9D
_PIR1bits                            (abs)        000F9E
_PORTA                               (abs)        000F80
_PORTAbits                           (abs)        000F80
_PORTB                               (abs)        000F81
_PORTC                               (abs)        000F82
_PORTD                               (abs)        000F83
_PORTDbits                           (abs)        000F83
_PORTE                               (abs)        000F84
_PadLeft                             text123      002D14
_ParsePoll                           text19       002546
_Queue_IsEmpty                       text58       00419E
_Queue_IsFull                        text71       004112
_RCONbits                            (abs)        000FD0
_RCREG                               (abs)        000FAE
_RCSTAbits                           (abs)        000FAB
_RX_mode                             bssBANK2     000200
_RefundValue                         bssBANK0     00007B
_RequestRefund                       text76       003EA6
_Rtrim                               text119      003420
_Rx_data                             bssBANK2     00022E
_SPBRG                               (abs)        000FAF
_SPBRGH                              (abs)        000FB0
_Saldo_Add                           text75       0041FC
_Saldo_CanAfford                     text3        0040FE
_Saldo_Clear                         text80       004212
_Saldo_Deduct                        text74       00402E
_Saldo_Get                           text77       004208
_Saldo_Init                          text17       00421C
_SaveConfig                          text93       003890
_StartDispense                       text2        00295E
_T0CONbits                           (abs)        000FD5
_T1CON                               (abs)        000FCD
_TMR0H                               (abs)        000FD7
_TMR0L                               (abs)        000FD6
_TMR1H                               (abs)        000FCF
_TMR1IF                              (abs)        007CF0
_TMR1L                               (abs)        000FCE
_TRISA                               (abs)        000F92
_TRISAbits                           (abs)        000F92
_TRISB                               (abs)        000F93
_TRISBbits                           (abs)        000F93
_TRISC                               (abs)        000F94
_TRISCbits                           (abs)        000F94
_TRISD                               (abs)        000F95
_TRISDbits                           (abs)        000F95
_TRISE                               (abs)        000F96
_TRISEbits                           (abs)        000F96
_TXIF                                (abs)        007CF4
_TXREG                               (abs)        000FAD
_TXSTAbits                           (abs)        000FAC
_Timer0_Counter                      bssBANK0     000088
_Timer0_Init                         text16       003FA8
_Timer1_Counter                      bssBANK0     000086
_Timer1_Init                         text15       00417E
_TimerNB_Expired                     text84       00304A
_TimerNB_Start                       text83       00372A
_TouchActivity                       text73       0040E8
_TransitionTo                        text69       003538
_TransitionTo@Global$F1642           text63       0034DE
_TransitionTo@MDB_Link$F1735         text32       003ECE
_TransitionTo@Vend$F2005             text61       0041AE
_Trim                                text118      003F86
_UART1_Init                          text14       0040A6
_UART_Helper_BytesAvailable          text45       00418E
_UART_Helper_Flush                   text44       00424E
_UART_Helper_Init                    text13       00426A
_UART_Helper_Read                    text43       003AE4
_UART_Init_9600_9bit                 text12       003F1A
_UART_Write9                         text35       003F3E
_UI_Config_Contrl_Task               text92       00178A
_UI_Config_Init                      text112      003DFA
_UI_Ctrl_Task                        text91       004282
_UI_Dispatch                         text64       002B52
_UI_GetState                         text10       00391A
_UI_Init                             text9        00413A
_UI_MDB_MapStatus                    text20       0028A8
_UI_Show_MDB_Rx_Line4                text24       002F4A
_UI_View_Task                        text87       00245A
_UInt16ToStr                         text115      002AB2
_ValidateChecksum                    text41       0037BC
_Vend_Dispatch                       text60       00384A
_Vend_GetState                       text8        003A64
_Vend_Init                           text7        0041CC
_Vend_Task                           text1        002362
__HRAM                               (abs)        000000
__H__absolute__                      __absolute__ 000000
__Habs1                              abs1         000000
__Hbank0                             bank0        000000
__Hbank1                             bank1        000000
__Hbank2                             bank2        000000
__Hbank3                             bank3        000000
__Hbank4                             bank4        000000
__Hbank5                             bank5        000000
__Hbank6                             bank6        000000
__Hbank7                             bank7        000000
__Hbigbss                            bigbss       000000
__Hbigdata                           bigdata      000000
__Hbigram                            bigram       000000
__Hbigsfr                            bigsfr       000000
__Hbss                               bss          000000
__HbssBANK0                          bssBANK0     000000
__HbssBANK1                          bssBANK1     000000
__HbssBANK2                          bssBANK2     000000
__HbssBANK3                          bssBANK3     000000
__HbssCOMRAM                         bssCOMRAM    000000
__Hcinit                             cinit        000000
__Hclrtext                           clrtext      000000
__Hcomram                            comram       000000
__Hconfig                            config       30000E
__Hconst                             const        000000
__HcstackBANK0                       cstackBANK0  000000
__HcstackBANK1                       cstackBANK1  000000
__HcstackCOMRAM                      cstackCOMRAM 000000
__Hdata                              data         000000
__HdataBANK0                         dataBANK0    000000
__HdataCOMRAM                        dataCOMRAM   000000
__Heeprom_data                       eeprom_data  000000
__Hfarbss                            farbss       000000
__Hfardata                           fardata      000000
__Hheap                              heap         000000
__Hibigdata                          ibigdata     000000
__Hidata                             idata        000000
__HidataBANK0                        idataBANK0   000000
__HidataCOMRAM                       idataCOMRAM  000000
__Hidloc                             idloc        000000
__Hifardata                          ifardata     000000
__Hinit                              init         000012
__Hintcode                           intcode      00000E
__Hintcode_body                      intcode_body 000000
__Hintcodelo                         intcodelo    000018
__Hintentry                          intentry     000000
__Hintret                            intret       000000
__Hintsave_regs                      intsave_regs 000000
__Hirdata                            irdata       000000
__Hmediumconst                       mediumconst  000000
__HnvFARRAM                          nvFARRAM     000000
__Hnvbit                             nvbit        000000
__Hnvrram                            nvrram       000000
__Hparam                             rparam       000000
__Hpowerup                           powerup      000000
__Hram                               ram          000000
__Hramtop                            ramtop       000800
__Hrbit                              rbit         000000
__Hrbss                              rbss         000000
__Hrdata                             rdata        000000
__Hreset_vec                         reset_vec    000004
__Hrparam                            rparam       000000
__Hsfr                               sfr          000000
__Hsivt_hi                           sivt_hi      000000
__Hsivt_lo                           sivt_lo      000018
__Hsmallconst                        smallconst   0008F4
__Hspace_0                           (abs)        004288
__Hspace_1                           (abs)        0003A0
__Hspace_2                           (abs)        000000
__Hspace_4                           (abs)        60000E
__Hstack                             stack        000000
__Hstruct                            struct       000000
__Htemp                              temp         000000
__Htext                              text         000000
__Htext0                             text0        000000
__Htext1                             text1        000000
__Htext10                            text10       000000
__Htext100                           text100      000000
__Htext101                           text101      000000
__Htext102                           text102      000000
__Htext103                           text103      000000
__Htext104                           text104      000000
__Htext105                           text105      000000
__Htext106                           text106      000000
__Htext107                           text107      000000
__Htext108                           text108      000000
__Htext109                           text109      000000
__Htext11                            text11       000000
__Htext110                           text110      000000
__Htext111                           text111      000000
__Htext112                           text112      000000
__Htext113                           text113      000000
__Htext114                           text114      000000
__Htext115                           text115      000000
__Htext116                           text116      000000
__Htext117                           text117      000000
__Htext118                           text118      000000
__Htext119                           text119      000000
__Htext12                            text12       000000
__Htext120                           text120      000000
__Htext121                           text121      000000
__Htext122                           text122      000000
__Htext123                           text123      000000
__Htext124                           text124      000000
__Htext125                           text125      000000
__Htext126                           text126      000000
__Htext127                           text127      000000
__Htext128                           text128      000000
__Htext129                           text129      000000
__Htext13                            text13       000000
__Htext130                           text130      000000
__Htext131                           text131      000000
__Htext132                           text132      000000
__Htext133                           text133      000000
__Htext134                           text134      000000
__Htext135                           text135      000000
__Htext136                           text136      000000
__Htext14                            text14       000000
__Htext15                            text15       000000
__Htext16                            text16       000000
__Htext17                            text17       000000
__Htext18                            text18       000000
__Htext19                            text19       000000
__Htext2                             text2        000000
__Htext20                            text20       000000
__Htext21                            text21       000000
__Htext22                            text22       000000
__Htext23                            text23       000000
__Htext24                            text24       000000
__Htext25                            text25       000000
__Htext26                            text26       000000
__Htext27                            text27       000000
__Htext28                            text28       000000
__Htext29                            text29       000000
__Htext3                             text3        000000
__Htext30                            text30       000000
__Htext31                            text31       000000
__Htext32                            text32       000000
__Htext33                            text33       000000
__Htext34                            text34       000000
__Htext35                            text35       000000
__Htext36                            text36       000000
__Htext37                            text37       000000
__Htext38                            text38       000000
__Htext39                            text39       000000
__Htext4                             text4        000000
__Htext40                            text40       000000
__Htext41                            text41       000000
__Htext42                            text42       000000
__Htext43                            text43       000000
__Htext44                            text44       000000
__Htext45                            text45       000000
__Htext46                            text46       000000
__Htext47                            text47       000000
__Htext48                            text48       000000
__Htext49                            text49       000000
__Htext5                             text5        000000
__Htext50                            text50       000000
__Htext51                            text51       000000
__Htext52                            text52       000000
__Htext53                            text53       000000
__Htext54                            text54       000000
__Htext55                            text55       000000
__Htext56                            text56       000000
__Htext57                            text57       000000
__Htext58                            text58       000000
__Htext59                            text59       000000
__Htext6                             text6        000000
__Htext60                            text60       000000
__Htext61                            text61       000000
__Htext62                            text62       000000
__Htext63                            text63       000000
__Htext64                            text64       000000
__Htext65                            text65       000000
__Htext66                            text66       000000
__Htext67                            text67       000000
__Htext68                            text68       000000
__Htext69                            text69       000000
__Htext7                             text7        000000
__Htext70                            text70       000000
__Htext71                            text71       000000
__Htext72                            text72       000000
__Htext73                            text73       000000
__Htext74                            text74       000000
__Htext75                            text75       000000
__Htext76                            text76       000000
__Htext77                            text77       000000
__Htext78                            text78       000000
__Htext79                            text79       000000
__Htext8                             text8        000000
__Htext80                            text80       000000
__Htext81                            text81       000000
__Htext82                            text82       000000
__Htext83                            text83       000000
__Htext84                            text84       000000
__Htext85                            text85       000000
__Htext86                            text86       000000
__Htext87                            text87       000000
__Htext88                            text88       000000
__Htext89                            text89       000000
__Htext9                             text9        000000
__Htext90                            text90       000000
__Htext91                            text91       000000
__Htext92                            text92       000000
__Htext93                            text93       000000
__Htext94                            text94       000000
__Htext95                            text95       000000
__Htext96                            text96       000000
__Htext97                            text97       000000
__Htext98                            text98       000000
__Htext99                            text99       000000
__LRAM                               (abs)        000001
__L__absolute__                      __absolute__ 000000
__Labs1                              abs1         000000
__Lbank0                             bank0        000000
__Lbank1                             bank1        000000
__Lbank2                             bank2        000000
__Lbank3                             bank3        000000
__Lbank4                             bank4        000000
__Lbank5                             bank5        000000
__Lbank6                             bank6        000000
__Lbank7                             bank7        000000
__Lbigbss                            bigbss       000000
__Lbigdata                           bigdata      000000
__Lbigram                            bigram       000000
__Lbigsfr                            bigsfr       000000
__Lbss                               bss          000000
__LbssBANK0                          bssBANK0     000000
__LbssBANK1                          bssBANK1     000000
__LbssBANK2                          bssBANK2     000000
__LbssBANK3                          bssBANK3     000000
__LbssCOMRAM                         bssCOMRAM    000000
__Lcinit                             cinit        000000
__Lclrtext                           clrtext      000000
__Lcomram                            comram       000000
__Lconfig                            config       000000
__Lconst                             const        000000
__LcstackBANK0                       cstackBANK0  000000
__LcstackBANK1                       cstackBANK1  000000
__LcstackCOMRAM                      cstackCOMRAM 000000
__Ldata                              data         000000
__LdataBANK0                         dataBANK0    000000
__LdataCOMRAM                        dataCOMRAM   000000
__Leeprom_data                       eeprom_data  000000
__Lfarbss                            farbss       000000
__Lfardata                           fardata      000000
__Lheap                              heap         000000
__Libigdata                          ibigdata     000000
__Lidata                             idata        000000
__LidataBANK0                        idataBANK0   000000
__LidataCOMRAM                       idataCOMRAM  000000
__Lidloc                             idloc        000000
__Lifardata                          ifardata     000000
__Linit                              init         00000E
__Lintcode                           intcode      000008
__Lintcode_body                      intcode_body 000000
__Lintcodelo                         intcodelo    000018
__Lintentry                          intentry     000000
__Lintret                            intret       000000
__Lintsave_regs                      intsave_regs 000000
__Lirdata                            irdata       000000
__Lmediumconst                       mediumconst  000000
__LnvFARRAM                          nvFARRAM     000000
__Lnvbit                             nvbit        000000
__Lnvrram                            nvrram       000000
__Lparam                             rparam       000000
__Lpowerup                           powerup      000000
__Lram                               ram          000000
__Lramtop                            ramtop       000800
__Lrbit                              rbit         000000
__Lrbss                              rbss         000000
__Lrdata                             rdata        000000
__Lreset_vec                         reset_vec    000000
__Lrparam                            rparam       000000
__Lsfr                               sfr          000000
__Lsivt_hi                           sivt_hi      000000
__Lsivt_lo                           sivt_lo      000018
__Lsmallconst                        smallconst   000800
__Lspace_0                           (abs)        000000
__Lspace_1                           (abs)        000000
__Lspace_2                           (abs)        000000
__Lspace_4                           (abs)        000000
__Lstack                             stack        000000
__Lstruct                            struct       000000
__Ltemp                              temp         000000
__Ltext                              text         000000
__Ltext0                             text0        000000
__Ltext1                             text1        000000
__Ltext10                            text10       000000
__Ltext100                           text100      000000
__Ltext101                           text101      000000
__Ltext102                           text102      000000
__Ltext103                           text103      000000
__Ltext104                           text104      000000
__Ltext105                           text105      000000
__Ltext106                           text106      000000
__Ltext107                           text107      000000
__Ltext108                           text108      000000
__Ltext109                           text109      000000
__Ltext11                            text11       000000
__Ltext110                           text110      000000
__Ltext111                           text111      000000
__Ltext112                           text112      000000
__Ltext113                           text113      000000
__Ltext114                           text114      000000
__Ltext115                           text115      000000
__Ltext116                           text116      000000
__Ltext117                           text117      000000
__Ltext118                           text118      000000
__Ltext119                           text119      000000
__Ltext12                            text12       000000
__Ltext120                           text120      000000
__Ltext121                           text121      000000
__Ltext122                           text122      000000
__Ltext123                           text123      000000
__Ltext124                           text124      000000
__Ltext125                           text125      000000
__Ltext126                           text126      000000
__Ltext127                           text127      000000
__Ltext128                           text128      000000
__Ltext129                           text129      000000
__Ltext13                            text13       000000
__Ltext130                           text130      000000
__Ltext131                           text131      000000
__Ltext132                           text132      000000
__Ltext133                           text133      000000
__Ltext134                           text134      000000
__Ltext135                           text135      000000
__Ltext136                           text136      000000
__Ltext14                            text14       000000
__Ltext15                            text15       000000
__Ltext16                            text16       000000
__Ltext17                            text17       000000
__Ltext18                            text18       000000
__Ltext19                            text19       000000
__Ltext2                             text2        000000
__Ltext20                            text20       000000
__Ltext21                            text21       000000
__Ltext22                            text22       000000
__Ltext23                            text23       000000
__Ltext24                            text24       000000
__Ltext25                            text25       000000
__Ltext26                            text26       000000
__Ltext27                            text27       000000
__Ltext28                            text28       000000
__Ltext29                            text29       000000
__Ltext3                             text3        000000
__Ltext30                            text30       000000
__Ltext31                            text31       000000
__Ltext32                            text32       000000
__Ltext33                            text33       000000
__Ltext34                            text34       000000
__Ltext35                            text35       000000
__Ltext36                            text36       000000
__Ltext37                            text37       000000
__Ltext38                            text38       000000
__Ltext39                            text39       000000
__Ltext4                             text4        000000
__Ltext40                            text40       000000
__Ltext41                            text41       000000
__Ltext42                            text42       000000
__Ltext43                            text43       000000
__Ltext44                            text44       000000
__Ltext45                            text45       000000
__Ltext46                            text46       000000
__Ltext47                            text47       000000
__Ltext48                            text48       000000
__Ltext49                            text49       000000
__Ltext5                             text5        000000
__Ltext50                            text50       000000
__Ltext51                            text51       000000
__Ltext52                            text52       000000
__Ltext53                            text53       000000
__Ltext54                            text54       000000
__Ltext55                            text55       000000
__Ltext56                            text56       000000
__Ltext57                            text57       000000
__Ltext58                            text58       000000
__Ltext59                            text59       000000
__Ltext6                             text6        000000
__Ltext60                            text60       000000
__Ltext61                            text61       000000
__Ltext62                            text62       000000
__Ltext63                            text63       000000
__Ltext64                            text64       000000
__Ltext65                            text65       000000
__Ltext66                            text66       000000
__Ltext67                            text67       000000
__Ltext68                            text68       000000
__Ltext69                            text69       000000
__Ltext7                             text7        000000
__Ltext70                            text70       000000
__Ltext71                            text71       000000
__Ltext72                            text72       000000
__Ltext73                            text73       000000
__Ltext74                            text74       000000
__Ltext75                            text75       000000
__Ltext76                            text76       000000
__Ltext77                            text77       000000
__Ltext78                            text78       000000
__Ltext79                            text79       000000
__Ltext8                             text8        000000
__Ltext80                            text80       000000
__Ltext81                            text81       000000
__Ltext82                            text82       000000
__Ltext83                            text83       000000
__Ltext84                            text84       000000
__Ltext85                            text85       000000
__Ltext86                            text86       000000
__Ltext87                            text87       000000
__Ltext88                            text88       000000
__Ltext89                            text89       000000
__Ltext9                             text9        000000
__Ltext90                            text90       000000
__Ltext91                            text91       000000
__Ltext92                            text92       000000
__Ltext93                            text93       000000
__Ltext94                            text94       000000
__Ltext95                            text95       000000
__Ltext96                            text96       000000
__Ltext97                            text97       000000
__Ltext98                            text98       000000
__Ltext99                            text99       000000
__S0                                 (abs)        004288
__S1                                 (abs)        0003A0
__S4                                 (abs)        000000
__S5                                 (abs)        000000
___awdiv                             text90       002FCA
___awdiv@counter                     cstackCOMRAM 00000A
___awdiv@dividend                    cstackCOMRAM 000006
___awdiv@divisor                     cstackCOMRAM 000008
___awdiv@quotient                    cstackCOMRAM 00000C
___awdiv@sign                        cstackCOMRAM 00000B
___awmod                             text89       0031AC
___awmod@counter                     cstackCOMRAM 00000A
___awmod@dividend                    cstackCOMRAM 000006
___awmod@divisor                     cstackCOMRAM 000008
___awmod@sign                        cstackCOMRAM 00000B
___heap_hi                           (abs)        000000
___heap_lo                           (abs)        000000
___inthi_sp                          stack        000000
___inthi_stack_hi                    stack        000000
___inthi_stack_lo                    stack        000000
___intlo_sp                          stack        000000
___intlo_stack_hi                    stack        000000
___intlo_stack_lo                    stack        000000
[...]
__ptext66                            text66       004254
__ptext67                            text67       0038D6
__ptext68                            text68       00270A
__ptext69                            text69       003538
__ptext7                             text7        0041CC
__ptext70                            text70       003592
__ptext71                            text71       004112
__ptext72                            text72       00422C
__ptext73                            text73       0040E8
__ptext74                            text74       00402E
__ptext75                            text75       0041FC
__ptext76                            text76       003EA6
__ptext77                            text77       004208
__ptext78                            text78       0036E0
__ptext79                            text79       004234
__ptext8                             text8        003A64
__ptext80                            text80       004212
__ptext81                            text81       003DCE
__ptext82                            text82       00149A
__ptext83                            text83       00372A
__ptext84                            text84       00304A
__ptext85                            text85       002E34
__ptext86                            text86       003C78
__ptext87                            text87       00245A
__ptext88                            text88       0027DA
__ptext89                            text89       0031AC
__ptext9                             text9        00413A
__ptext90                            text90       002FCA
__ptext91                            text91       004282
__ptext92                            text92       00178A
__ptext93                            text93       003890
__ptext94                            text94       0032F4
__ptext95                            text95       004046
__ptext96                            text96       00405E
__ptext97                            text97       004076
__ptext98                            text98       00408E
__ptext99                            text99       00425A
__ramtop                             ramtop       000800
__smallconst                         smallconst   000800
__tmp                                bssBANK1     000142
_btnA0_lock                          bssBANK0     000095
_btnA0_timer                         bssBANK1     000179
_btnA1_lock                          bssBANK0     000094
_btnA1_timer                         bssBANK1     000170
_btnA2_lock                          bssBANK0     000093
_btnA2_timer                         bssBANK1     000167
_btnD0_lock                          bssCOMRAM    000051
_btnD0_timer                         bssBANK1     00015E
_btnD1_lock                          bssBANK0     000092
_btnD1_timer                         bssBANK1     000155
_btnD2_lock                          bssBANK0     000091
_btnD2_timer                         bssBANK1     00014C
_c                                   bssCOMRAM    00004E
_cfg_blink                           bssBANK0     00008A
_cfg_blink_timer                     bssBANK0     000068
_cfg_edit                            bssCOMRAM    00004B
_cfg_edited                          bssBANK0     000060
_cfg_menu                            bssCOMRAM    00004C
_close_frame                         text40       003D46
_coin_changer_info                   bssBANK1     000100
_current_credit                      bssCOMRAM    000049
_current_state                       bssCOMRAM    000054
_current_state@Credit$F1594          bssCOMRAM    000053
_current_state@MDB_Link$F1841        bssBANK0     0000A3
_current_state@UI$F2562              bssCOMRAM    00004D
_current_state@Vend$F1996            bssCOMRAM    000052
_dispense_timer                      bssBANK0     0000D8
_display_config_values               text113      0019C4
_display_config_values$2691          cstackBANK1  0001E8
_display_config_values$2696          cstackBANK1  0001EA
_display_config_values$2700          cstackBANK1  0001EB
_frame                               bssBANK2     000294
_frame_ready                         bssBANK0     0000A9
_g_datos                             bssBANK0     0000BA
_g_state                             dataCOMRAM   000059
_hal_UART_SendACK                    text30       0041D8
_hal_UART_Write_Cmd                  text34       003C42
_idx                                 bssCOMRAM    000055
_is_coinco                           bssBANK0     0000A5
_is_space                            text122      003E7C
_is_space$1342                       cstackCOMRAM 000006
_last_activity_ms                    bssBANK0     000070
_lcd_buffer                          bssBANK3     000300
_lcd_dirty                           dataBANK0    0000F8
_main                                text0        001BD2
_mdbWaitTimer                        bssBANK1     000182
_mdb_log                             bssBANK2     00025C
_mdb_status                          bssBANK0     0000AD
_memmove                             text121      00221E
_memset                              text37       003DA2
_next_state                          bssBANK0     0000A2
_ok_long_sent                        bssBANK0     00008E
_ok_press_start                      bssBANK0     00006C
_polls_buenos                        bssBANK0     0000A4
_prev_credit                         bssBANK0     000080
_prev_state                          bssBANK0     00008C
_q_head                              bssCOMRAM    000057
_q_tail                              bssCOMRAM    000056
_queue                               bssBANK3     000350
_r                                   bssCOMRAM    00004F
_rA0_last                            bssBANK0     00009B
_rA1_last                            bssBANK0     00009A
_rA2_last                            bssBANK0     000099
_rD0_last                            bssBANK0     000098
_rD1_last                            bssBANK0     000097
_rD2_last                            bssBANK0     000096
_rd1_pressed                         bssBANK0     000090
_rd2_pressed                         bssBANK0     00008F
_received_data                       bssCOMRAM    000058
_rep_down                            bssBANK0     0000C6
_rep_up                              bssBANK0     0000CF
_rx_frame_hint                       bssBANK0     0000AC
_rx_read_idx                         bssCOMRAM    000050
_saldo                               bssBANK0     000082
_st_config                           bssBANK0     00008B
_state                               bssBANK0     00008D
_strlen                              text124      0039E0
_strncpy                             text114      0033C0
_timer0_flag                         bssBANK0     0000AB
_timer0_millis                       bssBANK0     000074
_timer1_flag                         bssBANK0     0000AA
_tmr_mdb_interbyte                   bssBANK1     0001CA
_tube_status                         bssBANK1     000126
_ui_params                           smallconst   000833
_vend_ctx                            bssBANK0     000078
btemp                                (abs)        000001
btemp0                               (abs)        000001
btemp1                               (abs)        000002
display_config_values@buff           cstackBANK1  0001D3
display_config_values@i              cstackBANK1  0001EE
display_config_values@row            cstackBANK1  0001ED
display_config_values@start          cstackBANK1  0001EC
end_of_initialization                cinit        00319E
hal_UART_Write_Cmd@datos             cstackCOMRAM 000009
hal_UART_Write_Cmd@i                 cstackCOMRAM 00000B
hal_UART_Write_Cmd@longitudDatos     cstackCOMRAM 00000A
int$flags                            (abs)        000001
int_func                             intcode_body 002DA4
intlevel0                            text         000000
intlevel1                            text         000000
intlevel2                            text         000000
intlevel3                            text         000000
is_space@c                           cstackCOMRAM 000007
isa$std                              (abs)        000001
isa$xinst                            (abs)        000000
main@_mdb_link_state                 cstackBANK0  0000F4
main@_tmp                            cstackBANK0  0000EA
main@k                               cstackBANK0  0000F5
main@k_1080                          cstackBANK0  0000F6
main@k_1081                          cstackBANK0  0000F7
memmove@c                            cstackCOMRAM 000023
memmove@d                            cstackCOMRAM 000027
memmove@d1                           cstackCOMRAM 00000A
memmove@n                            cstackCOMRAM 00000E
memmove@s                            cstackCOMRAM 000024
memmove@s1                           cstackCOMRAM 00000C
memset@c                             cstackCOMRAM 000008
memset@dest                          cstackCOMRAM 000006
memset@n                             cstackCOMRAM 00000A
memset@p                             cstackCOMRAM 00000C
stackhi                              (abs)        000000
stacklo                              (abs)        000000
start                                init         00000E
start_initialization                 cinit        00313E
strlen@a                             cstackCOMRAM 000008
strlen@s                             cstackCOMRAM 000006
strncpy@cp                           cstackCOMRAM 000010
strncpy@d                            cstackCOMRAM 00000A
strncpy@n                            cstackCOMRAM 00000D
strncpy@s                            cstackCOMRAM 00000C


MODULE INFORMATION

Module		Function		Class		Link	Load	Size
sources/Utils.c
		_Ltrim         		CODE           	335A	0000	102
		_UInt16ToStr   		CODE           	2AB2	0000	160
		_PadLeft       		CODE           	2D14	0000	144
		_Rtrim         		CODE           	3420	0000	96
		_ByteToHex     		CODE           	3480	0000	94
		_Trim          		CODE           	3F86	0000	34
		_is_space      		CODE           	3E7C	0000	42
		_IntToStr      		CODE           	27DA	0000	206

sources/Utils.c estimated size: 878

C:\Program Files\Microchip\xc8\v3.10\pic\sources\c99\common\lwmod.c
		___lwmod       		CODE           	399E	0000	66

C:\Program Files\Microchip\xc8\v3.10\pic\sources\c99\common\lwmod.c estimated size: 66

sources/config_model.c
		_ConfigModel_Save		CODE           	425A	0000	6
		_ConfigModel_Init		CODE           	4260	0000	6
		_ConfigModel_Get		CODE           	2EC2	0000	136
		_ConfigModel_Set		CODE           	32F4	0000	102

sources/config_model.c estimated size: 250

C:\Program Files\Microchip\xc8\v3.10\pic\sources\c99\common\awmod.c
		___awmod       		CODE           	31AC	0000	110

C:\Program Files\Microchip\xc8\v3.10\pic\sources\c99\common\awmod.c estimated size: 110

sources/Timers.c
		_TimerNB_Start 		CODE           	372A	0000	74
		_Millis        		CODE           	3EF4	0000	38
		_TimerNB_Expired		CODE           	304A	0000	124

sources/Timers.c estimated size: 236

sources/settings.c
		_Timer0_Init   		CODE           	3FA8	0000	30
		_UART_Init_9600_9bit		CODE           	3F1A	0000	36
		_Timer1_Init   		CODE           	417E	0000	16
		_UART1_Init    		CODE           	40A6	0000	22
		_GPIO_Init     		CODE           	3804	0000	70

sources/settings.c estimated size: 174

sources/UI.c
		_LCD_Write_Credit		CODE           	3CAE	0000	52
		_UI_GetState   		CODE           	391A	0000	66
		_UI_Dispatch   		CODE           	2B52	0000	156
		_FSM_UI_GetState		CODE           	4266	0000	4
		_UI_Init       		CODE           	413A	0000	18
		_UI_View_Task  		CODE           	245A	0000	236
		_UI_Ctrl_Task  		CODE           	4282	0000	2
		_UI_Show_MDB_Rx_Line4		CODE           	2F4A	0000	128

sources/UI.c estimated size: 662

sources/MDB_Core.c
		_MDB_Core_FrameAvailable		CODE           	4242	0000	6
		_close_frame   		CODE           	3D46	0000	46
		_MDB_Core_Task 		CODE           	2BEE	0000	148
		_MDB_Core_Init 		CODE           	4224	0000	8
		_MDB_Core_GetFrame		CODE           	3FE2	0000	26
		_MDB_Core_ReleaseFrame		CODE           	423C	0000	6

sources/MDB_Core.c estimated size: 240

sources/eeprom_hw.c
		_EEPROM_Read   		CODE           	41BE	0000	14
		_EEPROM_Write  		CODE           	3B98	0000	58

sources/eeprom_hw.c estimated size: 72

sources/Checksum.c
		_ValidateChecksum		CODE           	37BC	0000	72
		_CalculateChecksum		CODE           	395C	0000	66

sources/Checksum.c estimated size: 138

sources/Saldo.c
		_Saldo_Clear   		CODE           	4212	0000	10
		_Saldo_Init    		CODE           	421C	0000	8
		_Saldo_CanAfford		CODE           	40FE	0000	20
		_Saldo_Add     		CODE           	41FC	0000	12
		_Saldo_Get     		CODE           	4208	0000	10
		_Saldo_Deduct  		CODE           	402E	0000	24

sources/Saldo.c estimated size: 84

sources/Vend.c
		_StartDispense 		CODE           	295E	0000	172
		_TransitionTo@Vend$F2005		CODE           	41AE	0000	16
		_FinishDispense		CODE           	3E52	0000	42
		_Vend_Task     		CODE           	2362	0000	248
		_Vend_Dispatch 		CODE           	384A	0000	70
		_Vend_Init     		CODE           	41CC	0000	12
		_Vend_GetState 		CODE           	3A64	0000	64

sources/Vend.c estimated size: 624

sources/dispatcher.c
		_Queue_IsFull  		CODE           	4112	0000	20
		_Queue_IsEmpty 		CODE           	419E	0000	16
		_NextIndex     		CODE           	422C	0000	8
		_Dispatcher_Handle		CODE           	20D0	0000	334
		_Dispatcher_Task		CODE           	3B5E	0000	58
		_Dispatcher_Init		CODE           	4254	0000	6
		_Dispatcher_Post		CODE           	3592	0000	90

sources/dispatcher.c estimated size: 532

sources/LCD_Hal.c
		_LCD_HAL_SendCommand		CODE           	40D2	0000	22
		_LCD_SendNibble		CODE           	30C6	0000	120
		_LCD_HAL_Init  		CODE           	3288	0000	108
		_LCD_HAL_SendData		CODE           	40BC	0000	22
		_LCD_PulseEN   		CODE           	414C	0000	18

sources/LCD_Hal.c estimated size: 290

sources/UART_HAL.c
		_hal_UART_SendACK		CODE           	41D8	0000	12
		_hal_UART_Write_Cmd		CODE           	3C42	0000	54
		_UART_Write9   		CODE           	3F3E	0000	36

sources/UART_HAL.c estimated size: 102

C:\Program Files\Microchip\xc8\v3.10\pic\sources\c99\common\lwdiv.c
		___lwdiv       		CODE           	3644	0000	80

C:\Program Files\Microchip\xc8\v3.10\pic\sources\c99\common\lwdiv.c estimated size: 80

C:\Program Files\Microchip\xc8\v3.10\pic\sources\c99\common\awdiv.c
		___awdiv       		CODE           	2FCA	0000	128

C:\Program Files\Microchip\xc8\v3.10\pic\sources\c99\common\awdiv.c estimated size: 128

sources/Buttons.c
		_Buttons_Task  		CODE           	149A	0000	752
		_Buttons_Init  		CODE           	2E34	0000	142
		_BtnD1_IsPressed		CODE           	4276	0000	4
		_BtnD2_IsPressed		CODE           	4272	0000	4

sources/Buttons.c estimated size: 902

sources/datos_venta.c
		_DatosVenta_SetPrecio1		CODE           	408E	0000	24
		_DatosVenta_SetPrecio2		CODE           	4076	0000	24
		_DatosVenta_LoadDefaults		CODE           	3E26	0000	44
		_EEPROM_ReadBlock		CODE           	3D14	0000	50
		_DatosVenta_Valid		CODE           	3694	0000	76
		_EEPROM_WriteBlock		CODE           	3C0A	0000	56
		_DatosVenta_IncContador2		CODE           	415E	0000	16
		_DatosVenta_Get		CODE           	427E	0000	4
		_DatosVenta_SetTiempo1		CODE           	405E	0000	24
		_DatosVenta_SetTiempo2		CODE           	4046	0000	24
		_DatosVenta_IncContador1		CODE           	416E	0000	16
		_DatosVenta_Save		CODE           	3F62	0000	36
		_DatosVenta_Init		CODE           	321A	0000	110

sources/datos_venta.c estimated size: 504

sources/Program.c
		_ISR           		CODE           	0008	0000	150
		_main          		CODE           	1BD2	0000	448

sources/Program.c estimated size: 598

sources/UI_Config.c
		_LCD_Config_View_Task		CODE           	3FC6	0000	28
		_display_config_values		CODE           	19C4	0000	526
		_SaveConfig    		CODE           	3890	0000	70
		_LoadConfig    		CODE           	3A22	0000	66
		_ButtonRepeat  		CODE           	1F52	0000	382
		_UI_Config_Init		CODE           	3DFA	0000	44
		_UI_Config_Contrl_Task		CODE           	178A	0000	570

sources/UI_Config.c estimated size: 1686

sources/UART.c
		_UART_Helper_Flush		CODE           	424E	0000	6
		_UART_Helper_Read		CODE           	3AE4	0000	62
		_UART_Helper_BytesAvailable		CODE           	418E	0000	16
		_UART_Helper_Init		CODE           	426A	0000	4

sources/UART.c estimated size: 88

shared
		MDBLinkSendCommand@F3831		SMALLCONST     	0812	0000	7
		MDBLinkSendCommand@F3823		SMALLCONST     	082B	0000	2
		MDBLinkSendCommand@F3829		SMALLCONST     	0828	0000	3
		ByteToHex@hex_chars		SMALLCONST     	0801	0000	17
		MDBLinkSendCommand@F3833		SMALLCONST     	0825	0000	3
		__initialization		CODE           	313E	0000	96
		MDBLinkSendCommand@F3825		SMALLCONST     	081F	0000	6
		MDBLinkSendCommand@F3817		SMALLCONST     	0831	0000	2
		MDBLinkSendCommand@F3821		SMALLCONST     	082D	0000	2
		MDBLinkSendCommand@F3827		SMALLCONST     	0819	0000	6
		MDBLinkSendCommand@F3819		SMALLCONST     	082F	0000	2
		_ui_params     		SMALLCONST     	0833	0000	32

shared estimated size: 178

sources/Global.c
		_Global_Dispatch		CODE           	262E	0000	220
		_Global_GetState		CODE           	3AA4	0000	64
		_Global_Init   		CODE           	41F0	0000	12
		_TransitionTo@Global$F1642		CODE           	34DE	0000	90

sources/Global.c estimated size: 386

sources/Credit.c
		_Credit_Dispatch		CODE           	270A	0000	208
		_Credit_GetState		CODE           	3DCE	0000	44
		_TouchActivity 		CODE           	40E8	0000	22
		_Credit_Task   		CODE           	38D6	0000	68
		_Credit_Init   		CODE           	4234	0000	8
		_TransitionTo  		CODE           	3538	0000	90
		_RequestRefund 		CODE           	3EA6	0000	40

sources/Credit.c estimated size: 480

sources/MDB_Link.c
		_ParsePoll     		CODE           	2546	0000	232
		_TransitionTo@MDB_Link$F1735		CODE           	3ECE	0000	38
		_MDBSendACK    		CODE           	4248	0000	6
		_MDB_Link_Task 		CODE           	08F4	0000	2982
		_MDB_Link_Init 		CODE           	3FFC	0000	26
		_MDB_Link_To_PC		CODE           	35EC	0000	88
		_MDB_Link_Dispatch		CODE           	36E0	0000	74
		_MDB_Link_GetState		CODE           	426E	0000	4
		_MDBLinkSendCommand		CODE           	1D92	0000	448
		_MDB_Link_Log_TX		CODE           	3CE2	0000	50
		_MDB_SendCommand_Refund		CODE           	3774	0000	72

sources/MDB_Link.c estimated size: 4020

C:\Program Files\Microchip\xc8\v3.10\pic\sources\c99\common\strlen.c
		_strlen        		CODE           	39E0	0000	66

C:\Program Files\Microchip\xc8\v3.10\pic\sources\c99\common\strlen.c estimated size: 66

C:\Program Files\Microchip\xc8\v3.10\pic\sources\c99\common\memset.c
		_memset        		CODE           	3DA2	0000	44

C:\Program Files\Microchip\xc8\v3.10\pic\sources\c99\common\memset.c estimated size: 44

sources/MDB_Status.c
		_UI_MDB_MapStatus		CODE           	28A8	0000	182
		_MDB_Status_Clear		CODE           	4016	0000	24

sources/MDB_Status.c estimated size: 206

C:\Program Files\Microchip\xc8\v3.10\pic\sources\c99\common\strncpy.c
		_strncpy       		CODE           	33C0	0000	96

C:\Program Files\Microchip\xc8\v3.10\pic\sources\c99\common\strncpy.c estimated size: 96

sources/LCD_Render.c
		_LCD_FSM_Init  		CODE           	41E4	0000	12
		_LCD_Render_Task		CODE           	2A0A	0000	168
		_LCD_Clear_Buffer		CODE           	3B22	0000	60
		_LCD_Write_Buffer		CODE           	2C82	0000	146

sources/LCD_Render.c estimated size: 386

C:\Program Files\Microchip\xc8\v3.10\pic\sources\c99\common\memmove.c
		_memmove       		CODE           	221E	0000	324

C:\Program Files\Microchip\xc8\v3.10\pic\sources\c99\common\memmove.c estimated size: 324

sources/App.c
		_FSM_App_Get_State		CODE           	427A	0000	4
		_App_Task      		CODE           	3C78	0000	54
		_App_Dispatch  		CODE           	3D74	0000	46
		_App_Init      		CODE           	4284	0000	2
		_App_Controller		CODE           	4126	0000	20
		_App_GetState  		CODE           	3BD2	0000	56

sources/App.c estimated size: 182

